Archive member included to satisfy reference by file (symbol)

../libSIM800xSTM32F4-API.a(SIM800x.o)
                              ./Drivers/SIM800x/Src/ApplicationExample.o (SIM800xInit)
../libSIM800xSTM32F4-API.a(SIM800x_SDM.o)
                              ../libSIM800xSTM32F4-API.a(SIM800x.o) (SIM800xSDMInit)
../libLightJSONParser.a(JSON.o)
                              ./Drivers/SIM800x/Src/ApplicationExample.o (AddEntryToJsonObject)
/opt/st/stm32cubeide_1.11.0/plugins/com.st.stm32cube.ide.mcu.externaltools.gnu-tools-for-stm32.10.3-2021.10.linux64_1.0.100.202210260954/tools/bin/../lib/gcc/arm-none-eabi/10.3.1/thumb/v7e-m+fp/hard/libgcc.a(_aeabi_uldivmod.o)
                              ./Drivers/STM32F4xx_HAL_Driver/Src/stm32f4xx_hal_rcc.o (__aeabi_uldivmod)
/opt/st/stm32cubeide_1.11.0/plugins/com.st.stm32cube.ide.mcu.externaltools.gnu-tools-for-stm32.10.3-2021.10.linux64_1.0.100.202210260954/tools/bin/../lib/gcc/arm-none-eabi/10.3.1/thumb/v7e-m+fp/hard/libgcc.a(_udivmoddi4.o)
                              /opt/st/stm32cubeide_1.11.0/plugins/com.st.stm32cube.ide.mcu.externaltools.gnu-tools-for-stm32.10.3-2021.10.linux64_1.0.100.202210260954/tools/bin/../lib/gcc/arm-none-eabi/10.3.1/thumb/v7e-m+fp/hard/libgcc.a(_aeabi_uldivmod.o) (__udivmoddi4)
/opt/st/stm32cubeide_1.11.0/plugins/com.st.stm32cube.ide.mcu.externaltools.gnu-tools-for-stm32.10.3-2021.10.linux64_1.0.100.202210260954/tools/bin/../lib/gcc/arm-none-eabi/10.3.1/thumb/v7e-m+fp/hard/libgcc.a(_dvmd_tls.o)
                              /opt/st/stm32cubeide_1.11.0/plugins/com.st.stm32cube.ide.mcu.externaltools.gnu-tools-for-stm32.10.3-2021.10.linux64_1.0.100.202210260954/tools/bin/../lib/gcc/arm-none-eabi/10.3.1/thumb/v7e-m+fp/hard/libgcc.a(_aeabi_uldivmod.o) (__aeabi_ldiv0)
/opt/st/stm32cubeide_1.11.0/plugins/com.st.stm32cube.ide.mcu.externaltools.gnu-tools-for-stm32.10.3-2021.10.linux64_1.0.100.202210260954/tools/bin/../lib/gcc/arm-none-eabi/10.3.1/../../../../arm-none-eabi/lib/thumb/v7e-m+fp/hard/libc_nano.a(lib_a-errno.o)
                              ./Core/Src/syscalls.o (__errno)
/opt/st/stm32cubeide_1.11.0/plugins/com.st.stm32cube.ide.mcu.externaltools.gnu-tools-for-stm32.10.3-2021.10.linux64_1.0.100.202210260954/tools/bin/../lib/gcc/arm-none-eabi/10.3.1/../../../../arm-none-eabi/lib/thumb/v7e-m+fp/hard/libc_nano.a(lib_a-exit.o)
                              /opt/st/stm32cubeide_1.11.0/plugins/com.st.stm32cube.ide.mcu.externaltools.gnu-tools-for-stm32.10.3-2021.10.linux64_1.0.100.202210260954/tools/bin/../lib/gcc/arm-none-eabi/10.3.1/../../../../arm-none-eabi/lib/thumb/v7e-m+fp/hard/crt0.o (exit)
/opt/st/stm32cubeide_1.11.0/plugins/com.st.stm32cube.ide.mcu.externaltools.gnu-tools-for-stm32.10.3-2021.10.linux64_1.0.100.202210260954/tools/bin/../lib/gcc/arm-none-eabi/10.3.1/../../../../arm-none-eabi/lib/thumb/v7e-m+fp/hard/libc_nano.a(lib_a-impure.o)
                              /opt/st/stm32cubeide_1.11.0/plugins/com.st.stm32cube.ide.mcu.externaltools.gnu-tools-for-stm32.10.3-2021.10.linux64_1.0.100.202210260954/tools/bin/../lib/gcc/arm-none-eabi/10.3.1/../../../../arm-none-eabi/lib/thumb/v7e-m+fp/hard/libc_nano.a(lib_a-exit.o) (_global_impure_ptr)
/opt/st/stm32cubeide_1.11.0/plugins/com.st.stm32cube.ide.mcu.externaltools.gnu-tools-for-stm32.10.3-2021.10.linux64_1.0.100.202210260954/tools/bin/../lib/gcc/arm-none-eabi/10.3.1/../../../../arm-none-eabi/lib/thumb/v7e-m+fp/hard/libc_nano.a(lib_a-init.o)
                              /opt/st/stm32cubeide_1.11.0/plugins/com.st.stm32cube.ide.mcu.externaltools.gnu-tools-for-stm32.10.3-2021.10.linux64_1.0.100.202210260954/tools/bin/../lib/gcc/arm-none-eabi/10.3.1/../../../../arm-none-eabi/lib/thumb/v7e-m+fp/hard/crt0.o (__libc_init_array)
/opt/st/stm32cubeide_1.11.0/plugins/com.st.stm32cube.ide.mcu.externaltools.gnu-tools-for-stm32.10.3-2021.10.linux64_1.0.100.202210260954/tools/bin/../lib/gcc/arm-none-eabi/10.3.1/../../../../arm-none-eabi/lib/thumb/v7e-m+fp/hard/libc_nano.a(lib_a-memset.o)
                              /opt/st/stm32cubeide_1.11.0/plugins/com.st.stm32cube.ide.mcu.externaltools.gnu-tools-for-stm32.10.3-2021.10.linux64_1.0.100.202210260954/tools/bin/../lib/gcc/arm-none-eabi/10.3.1/../../../../arm-none-eabi/lib/thumb/v7e-m+fp/hard/crt0.o (memset)
/opt/st/stm32cubeide_1.11.0/plugins/com.st.stm32cube.ide.mcu.externaltools.gnu-tools-for-stm32.10.3-2021.10.linux64_1.0.100.202210260954/tools/bin/../lib/gcc/arm-none-eabi/10.3.1/../../../../arm-none-eabi/lib/thumb/v7e-m+fp/hard/libc_nano.a(lib_a-sprintf.o)
                              ./Drivers/SIM800x/Src/ApplicationExample.o (sprintf)
/opt/st/stm32cubeide_1.11.0/plugins/com.st.stm32cube.ide.mcu.externaltools.gnu-tools-for-stm32.10.3-2021.10.linux64_1.0.100.202210260954/tools/bin/../lib/gcc/arm-none-eabi/10.3.1/../../../../arm-none-eabi/lib/thumb/v7e-m+fp/hard/libc_nano.a(lib_a-strcpy.o)
                              ../libSIM800xSTM32F4-API.a(SIM800x.o) (strcpy)
[...]
Memory Configuration

Name             Origin             Length             Attributes
CCMRAM           0x0000000010000000 0x0000000000010000 xrw
RAM              0x0000000020000000 0x0000000000020000 xrw
FLASH            0x0000000008000000 0x0000000000100000 xr
*default*        0x0000000000000000 0xffffffffffffffff

Linker script and memory map

LOAD /opt/st/stm32cubeide_1.11.0/plugins/com.st.stm32cube.ide.mcu.externaltools.gnu-tools-for-stm32.10.3-2021.10.linux64_1.0.100.202210260954/tools/bin/../lib/gcc/arm-none-eabi/10.3.1/thumb/v7e-m+fp/hard/crti.o
LOAD /opt/st/stm32cubeide_1.11.0/plugins/com.st.stm32cube.ide.mcu.externaltools.gnu-tools-for-stm32.10.3-2021.10.linux64_1.0.100.202210260954/tools/bin/../lib/gcc/arm-none-eabi/10.3.1/thumb/v7e-m+fp/hard/crtbegin.o
LOAD /opt/st/stm32cubeide_1.11.0/plugins/com.st.stm32cube.ide.mcu.externaltools.gnu-tools-for-stm32.10.3-2021.10.linux64_1.0.100.202210260954/tools/bin/../lib/gcc/arm-none-eabi/10.3.1/../../../../arm-none-eabi/lib/thumb/v7e-m+fp/hard/crt0.o
LOAD ./Core/Src/main.o
LOAD ./Core/Src/stm32f4xx_hal_msp.o
LOAD ./Core/Src/stm32f4xx_it.o
LOAD ./Core/Src/syscalls.o
LOAD ./Core/Src/sysmem.o
LOAD ./Core/Src/system_stm32f4xx.o
LOAD ./Core/Startup/startup_stm32f407vgtx.o
LOAD ./Drivers/SIM800x/Src/ApplicationExample.o
LOAD ./Drivers/STM32F4xx_HAL_Driver/Src/stm32f4xx_hal.o
LOAD ./Drivers/STM32F4xx_HAL_Driver/Src/stm32f4xx_hal_cortex.o
LOAD ./Drivers/STM32F4xx_HAL_Driver/Src/stm32f4xx_hal_dma.o
LOAD ./Drivers/STM32F4xx_HAL_Driver/Src/stm32f4xx_hal_dma_ex.o
LOAD ./Drivers/STM32F4xx_HAL_Driver/Src/stm32f4xx_hal_exti.o
LOAD ./Drivers/STM32F4xx_HAL_Driver/Src/stm32f4xx_hal_flash.o
LOAD ./Drivers/STM32F4xx_HAL_Driver/Src/stm32f4xx_hal_flash_ex.o
LOAD ./Drivers/STM32F4xx_HAL_Driver/Src/stm32f4xx_hal_flash_ramfunc.o
LOAD ./Drivers/STM32F4xx_HAL_Driver/Src/stm32f4xx_hal_gpio.o
LOAD ./Drivers/STM32F4xx_HAL_Driver/Src/stm32f4xx_hal_pwr.o
LOAD ./Drivers/STM32F4xx_HAL_Driver/Src/stm32f4xx_hal_pwr_ex.o
LOAD ./Drivers/STM32F4xx_HAL_Driver/Src/stm32f4xx_hal_rcc.o
LOAD ./Drivers/STM32F4xx_HAL_Driver/Src/stm32f4xx_hal_rcc_ex.o
LOAD ./Drivers/STM32F4xx_HAL_Driver/Src/stm32f4xx_hal_tim.o
LOAD ./Drivers/STM32F4xx_HAL_Driver/Src/stm32f4xx_hal_tim_ex.o
LOAD ./Drivers/STM32F4xx_HAL_Driver/Src/stm32f4xx_hal_uart.o
LOAD ../libSIM800xSTM32F4-API.a
LOAD ../libLightJSONParser.a
START GROUP
LOAD /opt/st/stm32cubeide_1.11.0/plugins/com.st.stm32cube.ide.mcu.externaltools.gnu-tools-for-stm32.10.3-2021.10.linux64_1.0.100.202210260954/tools/bin/../lib/gcc/arm-none-eabi/10.3.1/thumb/v7e-m+fp/hard/libgcc.a
LOAD /opt/st/stm32cubeide_1.11.0/plugins/com.st.stm32cube.ide.mcu.externaltools.gnu-tools-for-stm32.10.3-2021.10.linux64_1.0.100.202210260954/tools/bin/../lib/gcc/arm-none-eabi/10.3.1/../../../../arm-none-eabi/lib/thumb/v7e-m+fp/hard/libc_nano.a
END GROUP
START GROUP
LOAD /opt/st/stm32cubeide_1.11.0/plugins/com.st.stm32cube.ide.mcu.externaltools.gnu-tools-for-stm32.10.3-2021.10.linux64_1.0.100.202210260954/tools/bin/../lib/gcc/arm-none-eabi/10.3.1/thumb/v7e-m+fp/hard/libgcc.a
LOAD /opt/st/stm32cubeide_1.11.0/plugins/com.st.stm32cube.ide.mcu.externaltools.gnu-tools-for-stm32.10.3-2021.10.linux64_1.0.100.202210260954/tools/bin/../lib/gcc/arm-none-eabi/10.3.1/../../../../arm-none-eabi/lib/thumb/v7e-m+fp/hard/libc_nano.a
LOAD /opt/st/stm32cubeide_1.11.0/plugins/com.st.stm32cube.ide.mcu.externaltools.gnu-tools-for-stm32.10.3-2021.10.linux64_1.0.100.202210260954/tools/bin/../lib/gcc/arm-none-eabi/10.3.1/../../../../arm-none-eabi/lib/thumb/v7e-m+fp/hard/libnosys.a
END GROUP
START GROUP
LOAD /opt/st/stm32cubeide_1.11.0/plugins/com.st.stm32cube.ide.mcu.externaltools.gnu-tools-for-stm32.10.3-2021.10.linux64_1.0.100.202210260954/tools/bin/../lib/gcc/arm-none-eabi/10.3.1/thumb/v7e-m+fp/hard/libgcc.a
LOAD /opt/st/stm32cubeide_1.11.0/plugins/com.st.stm32cube.ide.mcu.externaltools.gnu-tools-for-stm32.10.3-2021.10.linux64_1.0.100.202210260954/tools/bin/../lib/gcc/arm-none-eabi/10.3.1/../../../../arm-none-eabi/lib/thumb/v7e-m+fp/hard/libc_nano.a
LOAD /opt/st/stm32cubeide_1.11.0/plugins/com.st.stm32cube.ide.mcu.externaltools.gnu-tools-for-stm32.10.3-2021.10.linux64_1.0.100.202210260954/tools/bin/../lib/gcc/arm-none-eabi/10.3.1/../../../../arm-none-eabi/lib/thumb/v7e-m+fp/hard/libnosys.a
END GROUP
LOAD /opt/st/stm32cubeide_1.11.0/plugins/com.st.stm32cube.ide.mcu.externaltools.gnu-tools-for-stm32.10.3-2021.10.linux64_1.0.100.202210260954/tools/bin/../lib/gcc/arm-none-eabi/10.3.1/thumb/v7e-m+fp/hard/crtend.o
LOAD /opt/st/stm32cubeide_1.11.0/plugins/com.st.stm32cube.ide.mcu.externaltools.gnu-tools-for-stm32.10.3-2021.10.linux64_1.0.100.202210260954/tools/bin/../lib/gcc/arm-none-eabi/10.3.1/thumb/v7e-m+fp/hard/crtn.o
                0x0000000020020000                _estack = (ORIGIN (RAM) + LENGTH (RAM))
                0x0000000000000200                _Min_Heap_Size = 0x200
                0x0000000000000400                _Min_Stack_Size = 0x400

.isr_vector     0x0000000008000000      0x188
                0x0000000008000000                . = ALIGN (0x4)
 *(.isr_vector)
 .isr_vector    0x0000000008000000      0x188 ./Core/Startup/startup_stm32f407vgtx.o
                0x0000000008000000                g_pfnVectors
                0x0000000008000188                . = ALIGN (0x4)

.text           0x0000000008000190     0x47c4
                0x0000000008000190                . = ALIGN (0x4)
 *(.text)
 .text          0x0000000008000190       0x40 /opt/st/stm32cubeide_1.11.0/plugins/com.st.stm32cube.ide.mcu.externaltools.gnu-tools-for-stm32.10.3-2021.10.linux64_1.0.100.202210260954/tools/bin/../lib/gcc/arm-none-eabi/10.3.1/thumb/v7e-m+fp/hard/crtbegin.o
 .text          0x00000000080001d0       0x30 /opt/st/stm32cubeide_1.11.0/plugins/com.st.stm32cube.ide.mcu.externaltools.gnu-tools-for-stm32.10.3-2021.10.linux64_1.0.100.202210260954/tools/bin/../lib/gcc/arm-none-eabi/10.3.1/thumb/v7e-m+fp/hard/libgcc.a(_aeabi_uldivmod.o)
                0x00000000080001d0                __aeabi_uldivmod
 .text          0x0000000008000200      0x2d0 /opt/st/stm32cubeide_1.11.0/plugins/com.st.stm32cube.ide.mcu.externaltools.gnu-tools-for-stm32.10.3-2021.10.linux64_1.0.100.202210260954/tools/bin/../lib/gcc/arm-none-eabi/10.3.1/thumb/v7e-m+fp/hard/libgcc.a(_udivmoddi4.o)
                0x0000000008000200                __udivmoddi4
 .text          0x00000000080004d0        0x4 /opt/st/stm32cubeide_1.11.0/plugins/com.st.stm32cube.ide.mcu.externaltools.gnu-tools-for-stm32.10.3-2021.10.linux64_1.0.100.202210260954/tools/bin/../lib/gcc/arm-none-eabi/10.3.1/thumb/v7e-m+fp/hard/libgcc.a(_dvmd_tls.o)
                0x00000000080004d0                __aeabi_ldiv0
                0x00000000080004d0                __aeabi_idiv0
 .text          0x00000000080004d4       0x10 /opt/st/stm32cubeide_1.11.0/plugins/com.st.stm32cube.ide.mcu.externaltools.gnu-tools-for-stm32.10.3-2021.10.linux64_1.0.100.202210260954/tools/bin/../lib/gcc/arm-none-eabi/10.3.1/../../../../arm-none-eabi/lib/thumb/v7e-m+fp/hard/libc_nano.a(lib_a-strlen.o)
                0x00000000080004d4                strlen
 *fill*         0x00000000080004e4        0xc 
 .text          0x00000000080004f0       0xa0 /opt/st/stm32cubeide_1.11.0/plugins/com.st.stm32cube.ide.mcu.externaltools.gnu-tools-for-stm32.10.3-2021.10.linux64_1.0.100.202210260954/tools/bin/../lib/gcc/arm-none-eabi/10.3.1/../../../../arm-none-eabi/lib/thumb/v7e-m+fp/hard/libc_nano.a(lib_a-memchr.o)
                0x00000000080004f0                memchr
 *(.text*)
 .text.main     0x0000000008000590       0x22 ./Core/Src/main.o
                0x0000000008000590                main
 *fill*         0x00000000080005b2        0x2 
 .text.SystemClock_Config
                0x00000000080005b4       0xd4 ./Core/Src/main.o
                0x00000000080005b4                SystemClock_Config
 .text.MX_USART2_UART_Init
                0x0000000008000688       0x54 ./Core/Src/main.o
 .text.MX_USART3_UART_Init
                0x00000000080006dc       0x54 ./Core/Src/main.o
 .text.MX_GPIO_Init
                0x0000000008000730      0x118 ./Core/Src/main.o
 .text.HAL_UART_RxCpltCallback
                0x0000000008000848       0x14 ./Core/Src/main.o
                0x0000000008000848                HAL_UART_RxCpltCallback
 .text.Error_Handler
                0x000000000800085c        0xa ./Core/Src/main.o
                0x000000000800085c                Error_Handler
 *fill*         0x0000000008000866        0x2 
 .text.HAL_MspInit
                0x0000000008000868       0x50 ./Core/Src/stm32f4xx_hal_msp.o
                0x0000000008000868                HAL_MspInit
 .text.HAL_UART_MspInit
                0x00000000080008b8      0x10c ./Core/Src/stm32f4xx_hal_msp.o
                0x00000000080008b8                HAL_UART_MspInit
 .text.NMI_Handler
                0x00000000080009c4        0x6 ./Core/Src/stm32f4xx_it.o
                0x00000000080009c4                NMI_Handler
 .text.HardFault_Handler
                0x00000000080009ca        0x6 ./Core/Src/stm32f4xx_it.o
                0x00000000080009ca                HardFault_Handler
 .text.MemManage_Handler
                0x00000000080009d0        0x6 ./Core/Src/stm32f4xx_it.o
                0x00000000080009d0                MemManage_Handler
 .text.BusFault_Handler
                0x00000000080009d6        0x6 ./Core/Src/stm32f4xx_it.o
                0x00000000080009d6                BusFault_Handler
 .text.UsageFault_Handler
                0x00000000080009dc        0x6 ./Core/Src/stm32f4xx_it.o
                0x00000000080009dc                UsageFault_Handler
 .text.SVC_Handler
                0x00000000080009e2        0xe ./Core/Src/stm32f4xx_it.o
                0x00000000080009e2                SVC_Handler
 .text.DebugMon_Handler
                0x00000000080009f0        0xe ./Core/Src/stm32f4xx_it.o
                0x00000000080009f0                DebugMon_Handler
 .text.PendSV_Handler
                0x00000000080009fe        0xe ./Core/Src/stm32f4xx_it.o
                0x00000000080009fe                PendSV_Handler
 .text.SysTick_Handler
                0x0000000008000a0c        0xc ./Core/Src/stm32f4xx_it.o
                0x0000000008000a0c                SysTick_Handler
 .text.USART2_IRQHandler
                0x0000000008000a18       0x14 ./Core/Src/stm32f4xx_it.o
                0x0000000008000a18                USART2_IRQHandler
 .text._sbrk    0x0000000008000a2c       0x6c ./Core/Src/sysmem.o
                0x0000000008000a2c                _sbrk
 .text.SystemInit
                0x0000000008000a98       0x24 ./Core/Src/system_stm32f4xx.o
                0x0000000008000a98                SystemInit
 .text.Reset_Handler
                0x0000000008000abc       0x50 ./Core/Startup/startup_stm32f407vgtx.o
                0x0000000008000abc                Reset_Handler
 .text.Default_Handler
                0x0000000008000b0c        0x2 ./Core/Startup/startup_stm32f407vgtx.o
                0x0000000008000b0c                RTC_Alarm_IRQHandler
                0x0000000008000b0c                HASH_RNG_IRQHandler
                0x0000000008000b0c                EXTI2_IRQHandler
                0x0000000008000b0c                TIM8_CC_IRQHandler
                0x0000000008000b0c                TIM1_CC_IRQHandler
                0x0000000008000b0c                DMA2_Stream5_IRQHandler
                0x0000000008000b0c                DMA1_Stream5_IRQHandler
                0x0000000008000b0c                PVD_IRQHandler
                0x0000000008000b0c                SDIO_IRQHandler
                0x0000000008000b0c                TAMP_STAMP_IRQHandler
                0x0000000008000b0c                CAN2_RX1_IRQHandler
                0x0000000008000b0c                EXTI3_IRQHandler
                0x0000000008000b0c                TIM8_TRG_COM_TIM14_IRQHandler
                0x0000000008000b0c                TIM1_UP_TIM10_IRQHandler
                0x0000000008000b0c                TIM8_UP_TIM13_IRQHandler
                0x0000000008000b0c                I2C3_ER_IRQHandler
                0x0000000008000b0c                EXTI0_IRQHandler
                0x0000000008000b0c                I2C2_EV_IRQHandler
                0x0000000008000b0c                DMA1_Stream2_IRQHandler
                0x0000000008000b0c                CAN1_RX0_IRQHandler
                0x0000000008000b0c                FPU_IRQHandler
                0x0000000008000b0c                OTG_HS_WKUP_IRQHandler
                0x0000000008000b0c                CAN2_SCE_IRQHandler
                0x0000000008000b0c                DMA2_Stream2_IRQHandler
                0x0000000008000b0c                SPI1_IRQHandler
                0x0000000008000b0c                TIM6_DAC_IRQHandler
                0x0000000008000b0c                TIM1_BRK_TIM9_IRQHandler
                0x0000000008000b0c                DCMI_IRQHandler
                0x0000000008000b0c                CAN2_RX0_IRQHandler
                0x0000000008000b0c                DMA2_Stream3_IRQHandler
                0x0000000008000b0c                USART6_IRQHandler
                0x0000000008000b0c                USART3_IRQHandler
                0x0000000008000b0c                CAN1_RX1_IRQHandler
                0x0000000008000b0c                UART5_IRQHandler
                0x0000000008000b0c                DMA2_Stream0_IRQHandler
                0x0000000008000b0c                TIM4_IRQHandler
                0x0000000008000b0c                I2C1_EV_IRQHandler
                0x0000000008000b0c                DMA1_Stream6_IRQHandler
                0x0000000008000b0c                DMA1_Stream1_IRQHandler
                0x0000000008000b0c                UART4_IRQHandler
                0x0000000008000b0c                TIM3_IRQHandler
                0x0000000008000b0c                RCC_IRQHandler
                0x0000000008000b0c                TIM8_BRK_TIM12_IRQHandler
                0x0000000008000b0c                Default_Handler
                0x0000000008000b0c                EXTI15_10_IRQHandler
                0x0000000008000b0c                ADC_IRQHandler
                0x0000000008000b0c                DMA1_Stream7_IRQHandler
                0x0000000008000b0c                TIM7_IRQHandler
                0x0000000008000b0c                CAN2_TX_IRQHandler
                0x0000000008000b0c                TIM5_IRQHandler
                0x0000000008000b0c                DMA2_Stream7_IRQHandler
                0x0000000008000b0c                I2C3_EV_IRQHandler
                0x0000000008000b0c                EXTI9_5_IRQHandler
                0x0000000008000b0c                RTC_WKUP_IRQHandler
                0x0000000008000b0c                ETH_WKUP_IRQHandler
                0x0000000008000b0c                SPI2_IRQHandler
                0x0000000008000b0c                OTG_HS_EP1_IN_IRQHandler
                0x0000000008000b0c                DMA1_Stream0_IRQHandler
                0x0000000008000b0c                CAN1_TX_IRQHandler
                0x0000000008000b0c                EXTI4_IRQHandler
                0x0000000008000b0c                FSMC_IRQHandler
                0x0000000008000b0c                ETH_IRQHandler
                0x0000000008000b0c                OTG_HS_EP1_OUT_IRQHandler
                0x0000000008000b0c                WWDG_IRQHandler
                0x0000000008000b0c                TIM2_IRQHandler
                0x0000000008000b0c                OTG_FS_WKUP_IRQHandler
                0x0000000008000b0c                TIM1_TRG_COM_TIM11_IRQHandler
                0x0000000008000b0c                OTG_HS_IRQHandler
                0x0000000008000b0c                EXTI1_IRQHandler
                0x0000000008000b0c                I2C2_ER_IRQHandler
                0x0000000008000b0c                DMA2_Stream1_IRQHandler
                0x0000000008000b0c                CAN1_SCE_IRQHandler
                0x0000000008000b0c                FLASH_IRQHandler
                0x0000000008000b0c                DMA2_Stream4_IRQHandler
                0x0000000008000b0c                USART1_IRQHandler
                0x0000000008000b0c                OTG_FS_IRQHandler
                0x0000000008000b0c                SPI3_IRQHandler
                0x0000000008000b0c                DMA1_Stream4_IRQHandler
                0x0000000008000b0c                I2C1_ER_IRQHandler
                0x0000000008000b0c                DMA2_Stream6_IRQHandler
                0x0000000008000b0c                DMA1_Stream3_IRQHandler
 *fill*         0x0000000008000b0e        0x2 
 .text.SysInit  0x0000000008000b10      0x1c0 ./Drivers/SIM800x/Src/ApplicationExample.o
                0x0000000008000b10                SysInit
 .text.SystemTask
                0x0000000008000cd0      0x150 ./Drivers/SIM800x/Src/ApplicationExample.o
                0x0000000008000cd0                SystemTask
 .text.HAL_Init
                0x0000000008000e20       0x44 ./Drivers/STM32F4xx_HAL_Driver/Src/stm32f4xx_hal.o
                0x0000000008000e20                HAL_Init
 .text.HAL_InitTick
                0x0000000008000e64       0x60 ./Drivers/STM32F4xx_HAL_Driver/Src/stm32f4xx_hal.o
                0x0000000008000e64                HAL_InitTick
 .text.HAL_IncTick
                0x0000000008000ec4       0x28 ./Drivers/STM32F4xx_HAL_Driver/Src/stm32f4xx_hal.o
                0x0000000008000ec4                HAL_IncTick
 .text.HAL_GetTick
                0x0000000008000eec       0x18 ./Drivers/STM32F4xx_HAL_Driver/Src/stm32f4xx_hal.o
                0x0000000008000eec                HAL_GetTick
 .text.HAL_Delay
                0x0000000008000f04       0x48 ./Drivers/STM32F4xx_HAL_Driver/Src/stm32f4xx_hal.o
                0x0000000008000f04                HAL_Delay
 .text.__NVIC_SetPriorityGrouping
                0x0000000008000f4c       0x48 ./Drivers/STM32F4xx_HAL_Driver/Src/stm32f4xx_hal_cortex.o
 .text.__NVIC_GetPriorityGrouping
                0x0000000008000f94       0x1c ./Drivers/STM32F4xx_HAL_Driver/Src/stm32f4xx_hal_cortex.o
 .text.__NVIC_EnableIRQ
                0x0000000008000fb0       0x3c ./Drivers/STM32F4xx_HAL_Driver/Src/stm32f4xx_hal_cortex.o
 .text.__NVIC_SetPriority
                0x0000000008000fec       0x54 ./Drivers/STM32F4xx_HAL_Driver/Src/stm32f4xx_hal_cortex.o
 .text.NVIC_EncodePriority
                0x0000000008001040       0x66 ./Drivers/STM32F4xx_HAL_Driver/Src/stm32f4xx_hal_cortex.o
 *fill*         0x00000000080010a6        0x2 
 .text.SysTick_Config
                0x00000000080010a8       0x44 ./Drivers/STM32F4xx_HAL_Driver/Src/stm32f4xx_hal_cortex.o
 .text.HAL_NVIC_SetPriorityGrouping
                0x00000000080010ec       0x16 ./Drivers/STM32F4xx_HAL_Driver/Src/stm32f4xx_hal_cortex.o
                0x00000000080010ec                HAL_NVIC_SetPriorityGrouping
 .text.HAL_NVIC_SetPriority
                0x0000000008001102       0x38 ./Drivers/STM32F4xx_HAL_Driver/Src/stm32f4xx_hal_cortex.o
                0x0000000008001102                HAL_NVIC_SetPriority
 .text.HAL_NVIC_EnableIRQ
                0x000000000800113a       0x1c ./Drivers/STM32F4xx_HAL_Driver/Src/stm32f4xx_hal_cortex.o
                0x000000000800113a                HAL_NVIC_EnableIRQ
 .text.HAL_SYSTICK_Config
                0x0000000008001156       0x18 ./Drivers/STM32F4xx_HAL_Driver/Src/stm32f4xx_hal_cortex.o
                0x0000000008001156                HAL_SYSTICK_Config
 .text.HAL_DMA_Abort
                0x000000000800116e       0xe0 ./Drivers/STM32F4xx_HAL_Driver/Src/stm32f4xx_hal_dma.o
                0x000000000800116e                HAL_DMA_Abort
 .text.HAL_DMA_Abort_IT
                0x000000000800124e       0x44 ./Drivers/STM32F4xx_HAL_Driver/Src/stm32f4xx_hal_dma.o
                0x000000000800124e                HAL_DMA_Abort_IT
 *fill*         0x0000000008001292        0x2 
 .text.HAL_GPIO_Init
                0x0000000008001294      0x338 ./Drivers/STM32F4xx_HAL_Driver/Src/stm32f4xx_hal_gpio.o
                0x0000000008001294                HAL_GPIO_Init
 .text.HAL_GPIO_WritePin
                0x00000000080015cc       0x32 ./Drivers/STM32F4xx_HAL_Driver/Src/stm32f4xx_hal_gpio.o
                0x00000000080015cc                HAL_GPIO_WritePin
 *fill*         0x00000000080015fe        0x2 
 .text.HAL_RCC_OscConfig
                0x0000000008001600      0x4f0 ./Drivers/STM32F4xx_HAL_Driver/Src/stm32f4xx_hal_rcc.o
                0x0000000008001600                HAL_RCC_OscConfig
 .text.HAL_RCC_ClockConfig
                0x0000000008001af0      0x1cc ./Drivers/STM32F4xx_HAL_Driver/Src/stm32f4xx_hal_rcc.o
                0x0000000008001af0                HAL_RCC_ClockConfig
 .text.HAL_RCC_GetSysClockFreq
                0x0000000008001cbc      0x20c ./Drivers/STM32F4xx_HAL_Driver/Src/stm32f4xx_hal_rcc.o
                0x0000000008001cbc                HAL_RCC_GetSysClockFreq
 .text.HAL_RCC_GetHCLKFreq
                0x0000000008001ec8       0x18 ./Drivers/STM32F4xx_HAL_Driver/Src/stm32f4xx_hal_rcc.o
                0x0000000008001ec8                HAL_RCC_GetHCLKFreq
 .text.HAL_RCC_GetPCLK1Freq
                0x0000000008001ee0       0x28 ./Drivers/STM32F4xx_HAL_Driver/Src/stm32f4xx_hal_rcc.o
                0x0000000008001ee0                HAL_RCC_GetPCLK1Freq
 .text.HAL_RCC_GetPCLK2Freq
                0x0000000008001f08       0x28 ./Drivers/STM32F4xx_HAL_Driver/Src/stm32f4xx_hal_rcc.o
                0x0000000008001f08                HAL_RCC_GetPCLK2Freq
 .text.HAL_UART_Init
                0x0000000008001f30       0x9a ./Drivers/STM32F4xx_HAL_Driver/Src/stm32f4xx_hal_uart.o
                0x0000000008001f30                HAL_UART_Init
 .text.HAL_UART_Transmit
                0x0000000008001fca      0x124 ./Drivers/STM32F4xx_HAL_Driver/Src/stm32f4xx_hal_uart.o
                0x0000000008001fca                HAL_UART_Transmit
 .text.HAL_UART_Receive
                0x00000000080020ee      0x144 ./Drivers/STM32F4xx_HAL_Driver/Src/stm32f4xx_hal_uart.o
                0x00000000080020ee                HAL_UART_Receive
 .text.HAL_UART_Receive_IT
                0x0000000008002232       0x60 ./Drivers/STM32F4xx_HAL_Driver/Src/stm32f4xx_hal_uart.o
                0x0000000008002232                HAL_UART_Receive_IT
 *fill*         0x0000000008002292        0x2 
 .text.HAL_UART_IRQHandler
                0x0000000008002294      0x51c ./Drivers/STM32F4xx_HAL_Driver/Src/stm32f4xx_hal_uart.o
                0x0000000008002294                HAL_UART_IRQHandler
 .text.HAL_UART_TxCpltCallback
                0x00000000080027b0       0x14 ./Drivers/STM32F4xx_HAL_Driver/Src/stm32f4xx_hal_uart.o
                0x00000000080027b0                HAL_UART_TxCpltCallback
 .text.HAL_UART_ErrorCallback
                0x00000000080027c4       0x14 ./Drivers/STM32F4xx_HAL_Driver/Src/stm32f4xx_hal_uart.o
                0x00000000080027c4                HAL_UART_ErrorCallback
 .text.HAL_UARTEx_RxEventCallback
                0x00000000080027d8       0x18 ./Drivers/STM32F4xx_HAL_Driver/Src/stm32f4xx_hal_uart.o
                0x00000000080027d8                HAL_UARTEx_RxEventCallback
 .text.UART_WaitOnFlagUntilTimeout
                0x00000000080027f0       0xdc ./Drivers/STM32F4xx_HAL_Driver/Src/stm32f4xx_hal_uart.o
 .text.UART_Start_Receive_IT
                0x00000000080028cc       0x7c ./Drivers/STM32F4xx_HAL_Driver/Src/stm32f4xx_hal_uart.o
                0x00000000080028cc                UART_Start_Receive_IT
 .text.UART_EndRxTransfer
                0x0000000008002948       0xc6 ./Drivers/STM32F4xx_HAL_Driver/Src/stm32f4xx_hal_uart.o
 .text.UART_DMAAbortOnError
                0x0000000008002a0e       0x28 ./Drivers/STM32F4xx_HAL_Driver/Src/stm32f4xx_hal_uart.o
 .text.UART_Transmit_IT
                0x0000000008002a36       0xa0 ./Drivers/STM32F4xx_HAL_Driver/Src/stm32f4xx_hal_uart.o
 .text.UART_EndTransmit_IT
                0x0000000008002ad6       0x30 ./Drivers/STM32F4xx_HAL_Driver/Src/stm32f4xx_hal_uart.o
 .text.UART_Receive_IT
                0x0000000008002b06      0x176 ./Drivers/STM32F4xx_HAL_Driver/Src/stm32f4xx_hal_uart.o
 .text.UART_SetConfig
                0x0000000008002c7c      0x4e8 ./Drivers/STM32F4xx_HAL_Driver/Src/stm32f4xx_hal_uart.o
 .text.StrToInt
                0x0000000008003164       0xc2 ../libSIM800xSTM32F4-API.a(SIM800x.o)
                0x0000000008003164                StrToInt
 *fill*         0x0000000008003226        0x2 
 .text.ProcessResp1
                0x0000000008003228       0x50 ../libSIM800xSTM32F4-API.a(SIM800x.o)
                0x0000000008003228                ProcessResp1
 .text.ProcessResp2
                0x0000000008003278       0x68 ../libSIM800xSTM32F4-API.a(SIM800x.o)
                0x0000000008003278                ProcessResp2
 .text.ProcessResp4
                0x00000000080032e0       0xd0 ../libSIM800xSTM32F4-API.a(SIM800x.o)
                0x00000000080032e0                ProcessResp4
 .text.SIM800xInit
                0x00000000080033b0       0xcc ../libSIM800xSTM32F4-API.a(SIM800x.o)
                0x00000000080033b0                SIM800xInit
 .text.SIM800xIPSetConnectionType
                0x000000000800347c       0x68 ../libSIM800xSTM32F4-API.a(SIM800x.o)
                0x000000000800347c                SIM800xIPSetConnectionType
 .text.SIM800xIPSetAPN
                0x00000000080034e4       0x68 ../libSIM800xSTM32F4-API.a(SIM800x.o)
                0x00000000080034e4                SIM800xIPSetAPN
 .text.SIM800xIPOpen
                0x000000000800354c       0x58 ../libSIM800xSTM32F4-API.a(SIM800x.o)
                0x000000000800354c                SIM800xIPOpen
 .text.SIM800xIPGetState
                0x00000000080035a4       0xf0 ../libSIM800xSTM32F4-API.a(SIM800x.o)
                0x00000000080035a4                SIM800xIPGetState
 .text.SIM800xHTTPInit
                0x0000000008003694       0x28 ../libSIM800xSTM32F4-API.a(SIM800x.o)
                0x0000000008003694                SIM800xHTTPInit
 .text.SIM800xHTTPSetURL
                0x00000000080036bc       0x48 ../libSIM800xSTM32F4-API.a(SIM800x.o)
                0x00000000080036bc                SIM800xHTTPSetURL
 .text.SIM800xHTTPSetContent
                0x0000000008003704       0x44 ../libSIM800xSTM32F4-API.a(SIM800x.o)
                0x0000000008003704                SIM800xHTTPSetContent
 .text.SIM800xHTTPInputData
                0x0000000008003748      0x168 ../libSIM800xSTM32F4-API.a(SIM800x.o)
                0x0000000008003748                SIM800xHTTPInputData
 .text.SIM800xHTTPAction
                0x00000000080038b0      0x174 ../libSIM800xSTM32F4-API.a(SIM800x.o)
                0x00000000080038b0                SIM800xHTTPAction
 .text.SIM800xHTTPRead
                0x0000000008003a24      0x19c ../libSIM800xSTM32F4-API.a(SIM800x.o)
                0x0000000008003a24                SIM800xHTTPRead
 .text.SIM800xSDMInit
                0x0000000008003bc0       0x1c ../libSIM800xSTM32F4-API.a(SIM800x_SDM.o)
                0x0000000008003bc0                SIM800xSDMInit
 .text.SIM800xSDMRxAvailable
                0x0000000008003bdc       0x38 ../libSIM800xSTM32F4-API.a(SIM800x_SDM.o)
                0x0000000008003bdc                SIM800xSDMRxAvailable
 .text.SIM800xSDMSendByte
                0x0000000008003c14       0x24 ../libSIM800xSTM32F4-API.a(SIM800x_SDM.o)
                0x0000000008003c14                SIM800xSDMSendByte
 .text.SIM800xSDMSendBytes
                0x0000000008003c38       0x38 ../libSIM800xSTM32F4-API.a(SIM800x_SDM.o)
                0x0000000008003c38                SIM800xSDMSendBytes
 .text.SIM800xSDMPrint
                0x0000000008003c70       0x2a ../libSIM800xSTM32F4-API.a(SIM800x_SDM.o)
                0x0000000008003c70                SIM800xSDMPrint
 *fill*         0x0000000008003c9a        0x2 
 .text.SIM800xSDMReadByte
                0x0000000008003c9c       0x60 ../libSIM800xSTM32F4-API.a(SIM800x_SDM.o)
                0x0000000008003c9c                SIM800xSDMReadByte
 .text.SIM800xSDMPeek
                0x0000000008003cfc       0x50 ../libSIM800xSTM32F4-API.a(SIM800x_SDM.o)
                0x0000000008003cfc                SIM800xSDMPeek
 .text.SIM800xSDMFlush
                0x0000000008003d4c       0x24 ../libSIM800xSTM32F4-API.a(SIM800x_SDM.o)
                0x0000000008003d4c                SIM800xSDMFlush
 .text.SIM800xSDMReadF1Pkt
                0x0000000008003d70       0xc8 ../libSIM800xSTM32F4-API.a(SIM800x_SDM.o)
                0x0000000008003d70                SIM800xSDMReadF1Pkt
 .text.SIM800xSDMCallBack
                0x0000000008003e38       0x68 ../libSIM800xSTM32F4-API.a(SIM800x_SDM.o)
                0x0000000008003e38                SIM800xSDMCallBack
 .text.AddEntryToJsonObject
                0x0000000008003ea0      0x15c ../libLightJSONParser.a(JSON.o)
                0x0000000008003ea0                AddEntryToJsonObject
 .text.__errno  0x0000000008003ffc        0xc /opt/st/stm32cubeide_1.11.0/plugins/com.st.stm32cube.ide.mcu.externaltools.gnu-tools-for-stm32.10.3-2021.10.linux64_1.0.100.202210260954/tools/bin/../lib/gcc/arm-none-eabi/10.3.1/../../../../arm-none-eabi/lib/thumb/v7e-m+fp/hard/libc_nano.a(lib_a-errno.o)
                0x0000000008003ffc                __errno
 .text.__libc_init_array
                0x0000000008004008       0x48 /opt/st/stm32cubeide_1.11.0/plugins/com.st.stm32cube.ide.mcu.externaltools.gnu-tools-for-stm32.10.3-2021.10.linux64_1.0.100.202210260954/tools/bin/../lib/gcc/arm-none-eabi/10.3.1/../../../../arm-none-eabi/lib/thumb/v7e-m+fp/hard/libc_nano.a(lib_a-init.o)
                0x0000000008004008                __libc_init_array
 .text.memset   0x0000000008004050       0x10 /opt/st/stm32cubeide_1.11.0/plugins/com.st.stm32cube.ide.mcu.externaltools.gnu-tools-for-stm32.10.3-2021.10.linux64_1.0.100.202210260954/tools/bin/../lib/gcc/arm-none-eabi/10.3.1/../../../../arm-none-eabi/lib/thumb/v7e-m+fp/hard/libc_nano.a(lib_a-memset.o)
                0x0000000008004050                memset
 .text.sprintf  0x0000000008004060       0x40 /opt/st/stm32cubeide_1.11.0/plugins/com.st.stm32cube.ide.mcu.externaltools.gnu-tools-for-stm32.10.3-2021.10.linux64_1.0.100.202210260954/tools/bin/../lib/gcc/arm-none-eabi/10.3.1/../../../../arm-none-eabi/lib/thumb/v7e-m+fp/hard/libc_nano.a(lib_a-sprintf.o)
                0x0000000008004060                sprintf
                0x0000000008004060                siprintf
 .text.__ssputs_r
                0x00000000080040a0       0xb6 /opt/st/stm32cubeide_1.11.0/plugins/com.st.stm32cube.ide.mcu.externaltools.gnu-tools-for-stm32.10.3-2021.10.linux64_1.0.100.202210260954/tools/bin/../lib/gcc/arm-none-eabi/10.3.1/../../../../arm-none-eabi/lib/thumb/v7e-m+fp/hard/libc_nano.a(lib_a-nano-svfprintf.o)
                0x00000000080040a0                __ssputs_r
 *fill*         0x0000000008004156        0x2 
 .text._svfprintf_r
                0x0000000008004158      0x200 /opt/st/stm32cubeide_1.11.0/plugins/com.st.stm32cube.ide.mcu.externaltools.gnu-tools-for-stm32.10.3-2021.10.linux64_1.0.100.202210260954/tools/bin/../lib/gcc/arm-none-eabi/10.3.1/../../../../arm-none-eabi/lib/thumb/v7e-m+fp/hard/libc_nano.a(lib_a-nano-svfprintf.o)
                0x0000000008004158                _svfprintf_r
                0x0000000008004158                _svfiprintf_r
 .text._printf_common
                0x0000000008004358       0xda /opt/st/stm32cubeide_1.11.0/plugins/com.st.stm32cube.ide.mcu.externaltools.gnu-tools-for-stm32.10.3-2021.10.linux64_1.0.100.202210260954/tools/bin/../lib/gcc/arm-none-eabi/10.3.1/../../../../arm-none-eabi/lib/thumb/v7e-m+fp/hard/libc_nano.a(lib_a-nano-vfprintf_i.o)
                0x0000000008004358                _printf_common
 *fill*         0x0000000008004432        0x2 
 .text._printf_i
                0x0000000008004434      0x24c /opt/st/stm32cubeide_1.11.0/plugins/com.st.stm32cube.ide.mcu.externaltools.gnu-tools-for-stm32.10.3-2021.10.linux64_1.0.100.202210260954/tools/bin/../lib/gcc/arm-none-eabi/10.3.1/../../../../arm-none-eabi/lib/thumb/v7e-m+fp/hard/libc_nano.a(lib_a-nano-vfprintf_i.o)
                0x0000000008004434                _printf_i
 .text.memcpy   0x0000000008004680       0x1c /opt/st/stm32cubeide_1.11.0/plugins/com.st.stm32cube.ide.mcu.externaltools.gnu-tools-for-stm32.10.3-2021.10.linux64_1.0.100.202210260954/tools/bin/../lib/gcc/arm-none-eabi/10.3.1/../../../../arm-none-eabi/lib/thumb/v7e-m+fp/hard/libc_nano.a(lib_a-memcpy-stub.o)
                0x0000000008004680                memcpy
 .text.memmove  0x000000000800469c       0x34 /opt/st/stm32cubeide_1.11.0/plugins/com.st.stm32cube.ide.mcu.externaltools.gnu-tools-for-stm32.10.3-2021.10.linux64_1.0.100.202210260954/tools/bin/../lib/gcc/arm-none-eabi/10.3.1/../../../../arm-none-eabi/lib/thumb/v7e-m+fp/hard/libc_nano.a(lib_a-memmove.o)
                0x000000000800469c                memmove
 .text._free_r  0x00000000080046d0       0x98 /opt/st/stm32cubeide_1.11.0/plugins/com.st.stm32cube.ide.mcu.externaltools.gnu-tools-for-stm32.10.3-2021.10.linux64_1.0.100.202210260954/tools/bin/../lib/gcc/arm-none-eabi/10.3.1/../../../../arm-none-eabi/lib/thumb/v7e-m+fp/hard/libc_nano.a(lib_a-nano-freer.o)
                0x00000000080046d0                _free_r
 .text.sbrk_aligned
                0x0000000008004768       0x40 /opt/st/stm32cubeide_1.11.0/plugins/com.st.stm32cube.ide.mcu.externaltools.gnu-tools-for-stm32.10.3-2021.10.linux64_1.0.100.202210260954/tools/bin/../lib/gcc/arm-none-eabi/10.3.1/../../../../arm-none-eabi/lib/thumb/v7e-m+fp/hard/libc_nano.a(lib_a-nano-mallocr.o)
 .text._malloc_r
                0x00000000080047a8       0xe8 /opt/st/stm32cubeide_1.11.0/plugins/com.st.stm32cube.ide.mcu.externaltools.gnu-tools-for-stm32.10.3-2021.10.linux64_1.0.100.202210260954/tools/bin/../lib/gcc/arm-none-eabi/10.3.1/../../../../arm-none-eabi/lib/thumb/v7e-m+fp/hard/libc_nano.a(lib_a-nano-mallocr.o)
                0x00000000080047a8                _malloc_r
 .text._realloc_r
                0x0000000008004890       0x5e /opt/st/stm32cubeide_1.11.0/plugins/com.st.stm32cube.ide.mcu.externaltools.gnu-tools-for-stm32.10.3-2021.10.linux64_1.0.100.202210260954/tools/bin/../lib/gcc/arm-none-eabi/10.3.1/../../../../arm-none-eabi/lib/thumb/v7e-m+fp/hard/libc_nano.a(lib_a-nano-reallocr.o)
                0x0000000008004890                _realloc_r
 *fill*         0x00000000080048ee        0x2 
 .text._sbrk_r  0x00000000080048f0       0x20 /opt/st/stm32cubeide_1.11.0/plugins/com.st.stm32cube.ide.mcu.externaltools.gnu-tools-for-stm32.10.3-2021.10.linux64_1.0.100.202210260954/tools/bin/../lib/gcc/arm-none-eabi/10.3.1/../../../../arm-none-eabi/lib/thumb/v7e-m+fp/hard/libc_nano.a(lib_a-sbrkr.o)
                0x00000000080048f0                _sbrk_r
 .text.__malloc_lock
                0x0000000008004910        0xc /opt/st/stm32cubeide_1.11.0/plugins/com.st.stm32cube.ide.mcu.externaltools.gnu-tools-for-stm32.10.3-2021.10.linux64_1.0.100.202210260954/tools/bin/../lib/gcc/arm-none-eabi/10.3.1/../../../../arm-none-eabi/lib/thumb/v7e-m+fp/hard/libc_nano.a(lib_a-mlock.o)
                0x0000000008004910                __malloc_lock
 .text.__malloc_unlock
                0x000000000800491c        0xc /opt/st/stm32cubeide_1.11.0/plugins/com.st.stm32cube.ide.mcu.externaltools.gnu-tools-for-stm32.10.3-2021.10.linux64_1.0.100.202210260954/tools/bin/../lib/gcc/arm-none-eabi/10.3.1/../../../../arm-none-eabi/lib/thumb/v7e-m+fp/hard/libc_nano.a(lib_a-mlock.o)
                0x000000000800491c                __malloc_unlock
 .text._malloc_usable_size_r
                0x0000000008004928       0x10 /opt/st/stm32cubeide_1.11.0/plugins/com.st.stm32cube.ide.mcu.externaltools.gnu-tools-for-stm32.10.3-2021.10.linux64_1.0.100.202210260954/tools/bin/../lib/gcc/arm-none-eabi/10.3.1/../../../../arm-none-eabi/lib/thumb/v7e-m+fp/hard/libc_nano.a(lib_a-nano-msizer.o)
                0x0000000008004928                _malloc_usable_size_r
 .text.__retarget_lock_acquire_recursive
                0x0000000008004938        0x2 /opt/st/stm32cubeide_1.11.0/plugins/com.st.stm32cube.ide.mcu.externaltools.gnu-tools-for-stm32.10.3-2021.10.linux64_1.0.100.202210260954/tools/bin/../lib/gcc/arm-none-eabi/10.3.1/../../../../arm-none-eabi/lib/thumb/v7e-m+fp/hard/libc_nano.a(lib_a-lock.o)
                0x0000000008004938                __retarget_lock_acquire_recursive
 .text.__retarget_lock_release_recursive
                0x000000000800493a        0x2 /opt/st/stm32cubeide_1.11.0/plugins/com.st.stm32cube.ide.mcu.externaltools.gnu-tools-for-stm32.10.3-2021.10.linux64_1.0.100.202210260954/tools/bin/../lib/gcc/arm-none-eabi/10.3.1/../../../../arm-none-eabi/lib/thumb/v7e-m+fp/hard/libc_nano.a(lib_a-lock.o)
                0x000000000800493a                __retarget_lock_release_recursive
 *(.glue_7)
 .glue_7        0x000000000800493c        0x0 linker stubs
 *(.glue_7t)
 .glue_7t       0x000000000800493c        0x0 linker stubs
 *(.eh_frame)
 .eh_frame      0x000000000800493c        0x0 /opt/st/stm32cubeide_1.11.0/plugins/com.st.stm32cube.ide.mcu.externaltools.gnu-tools-for-stm32.10.3-2021.10.linux64_1.0.100.202210260954/tools/bin/../lib/gcc/arm-none-eabi/10.3.1/thumb/v7e-m+fp/hard/crtbegin.o
 *(.init)
 .init          0x000000000800493c        0x4 /opt/st/stm32cubeide_1.11.0/plugins/com.st.stm32cube.ide.mcu.externaltools.gnu-tools-for-stm32.10.3-2021.10.linux64_1.0.100.202210260954/tools/bin/../lib/gcc/arm-none-eabi/10.3.1/thumb/v7e-m+fp/hard/crti.o
                0x000000000800493c                _init
 .init          0x0000000008004940        0x8 /opt/st/stm32cubeide_1.11.0/plugins/com.st.stm32cube.ide.mcu.externaltools.gnu-tools-for-stm32.10.3-2021.10.linux64_1.0.100.202210260954/tools/bin/../lib/gcc/arm-none-eabi/10.3.1/thumb/v7e-m+fp/hard/crtn.o
 *(.fini)
 .fini          0x0000000008004948        0x4 /opt/st/stm32cubeide_1.11.0/plugins/com.st.stm32cube.ide.mcu.externaltools.gnu-tools-for-stm32.10.3-2021.10.linux64_1.0.100.202210260954/tools/bin/../lib/gcc/arm-none-eabi/10.3.1/thumb/v7e-m+fp/hard/crti.o
                0x0000000008004948                _fini
 .fini          0x000000000800494c        0x8 /opt/st/stm32cubeide_1.11.0/plugins/com.st.stm32cube.ide.mcu.externaltools.gnu-tools-for-stm32.10.3-2021.10.linux64_1.0.100.202210260954/tools/bin/../lib/gcc/arm-none-eabi/10.3.1/thumb/v7e-m+fp/hard/crtn.o
                0x0000000008004954                . = ALIGN (0x4)
                0x0000000008004954                _etext = .

.vfp11_veneer   0x0000000008004954        0x0
 .vfp11_veneer  0x0000000008004954        0x0 linker stubs

.v4_bx          0x0000000008004954        0x0
 .v4_bx         0x0000000008004954        0x0 linker stubs

.iplt           0x0000000008004954        0x0
 .iplt          0x0000000008004954        0x0 /opt/st/stm32cubeide_1.11.0/plugins/com.st.stm32cube.ide.mcu.externaltools.gnu-tools-for-stm32.10.3-2021.10.linux64_1.0.100.202210260954/tools/bin/../lib/gcc/arm-none-eabi/10.3.1/thumb/v7e-m+fp/hard/crtbegin.o

.rodata         0x0000000008004954      0x774
                0x0000000008004954                . = ALIGN (0x4)
 *(.rodata)
 .rodata        0x0000000008004954      0x2d6 ./Drivers/SIM800x/Src/ApplicationExample.o
 *fill*         0x0000000008004c2a        0x2 
 .rodata        0x0000000008004c2c      0x44d ../libSIM800xSTM32F4-API.a(SIM800x.o)
 *(.rodata*)
 *fill*         0x0000000008005079        0x3 
 .rodata.AHBPrescTable
                0x000000000800507c       0x10 ./Core/Src/system_stm32f4xx.o
                0x000000000800507c                AHBPrescTable
 .rodata.APBPrescTable
                0x000000000800508c        0x8 ./Core/Src/system_stm32f4xx.o
                0x000000000800508c                APBPrescTable
 .rodata._svfprintf_r.str1.1
                0x0000000008005094       0x11 /opt/st/stm32cubeide_1.11.0/plugins/com.st.stm32cube.ide.mcu.externaltools.gnu-tools-for-stm32.10.3-2021.10.linux64_1.0.100.202210260954/tools/bin/../lib/gcc/arm-none-eabi/10.3.1/../../../../arm-none-eabi/lib/thumb/v7e-m+fp/hard/libc_nano.a(lib_a-nano-svfprintf.o)
 .rodata._printf_i.str1.1
                0x00000000080050a5       0x22 /opt/st/stm32cubeide_1.11.0/plugins/com.st.stm32cube.ide.mcu.externaltools.gnu-tools-for-stm32.10.3-2021.10.linux64_1.0.100.202210260954/tools/bin/../lib/gcc/arm-none-eabi/10.3.1/../../../../arm-none-eabi/lib/thumb/v7e-m+fp/hard/libc_nano.a(lib_a-nano-vfprintf_i.o)
                0x00000000080050c8                . = ALIGN (0x4)
 *fill*         0x00000000080050c7        0x1 

.ARM.extab      0x00000000080050c8        0x0
                0x00000000080050c8                . = ALIGN (0x4)
 *(.ARM.extab* .gnu.linkonce.armextab.*)
                0x00000000080050c8                . = ALIGN (0x4)

.ARM            0x00000000080050c8        0x8
                0x00000000080050c8                . = ALIGN (0x4)
                0x00000000080050c8                __exidx_start = .
 *(.ARM.exidx*)
 .ARM.exidx     0x00000000080050c8        0x8 /opt/st/stm32cubeide_1.11.0/plugins/com.st.stm32cube.ide.mcu.externaltools.gnu-tools-for-stm32.10.3-2021.10.linux64_1.0.100.202210260954/tools/bin/../lib/gcc/arm-none-eabi/10.3.1/thumb/v7e-m+fp/hard/libgcc.a(_udivmoddi4.o)
                0x00000000080050d0                __exidx_end = .
                0x00000000080050d0                . = ALIGN (0x4)

.rel.dyn        0x00000000080050d0        0x0
 .rel.iplt      0x00000000080050d0        0x0 /opt/st/stm32cubeide_1.11.0/plugins/com.st.stm32cube.ide.mcu.externaltools.gnu-tools-for-stm32.10.3-2021.10.linux64_1.0.100.202210260954/tools/bin/../lib/gcc/arm-none-eabi/10.3.1/thumb/v7e-m+fp/hard/crtbegin.o

.preinit_array  0x00000000080050d0        0x0
                0x00000000080050d0                . = ALIGN (0x4)
                0x00000000080050d0                PROVIDE (__preinit_array_start = .)
 *(.preinit_array*)
                0x00000000080050d0                PROVIDE (__preinit_array_end = .)
                0x00000000080050d0                . = ALIGN (0x4)

.init_array     0x00000000080050d0        0x4
                0x00000000080050d0                . = ALIGN (0x4)
                0x00000000080050d0                PROVIDE (__init_array_start = .)
 *(SORT_BY_NAME(.init_array.*))
 *(.init_array*)
 .init_array    0x00000000080050d0        0x4 /opt/st/stm32cubeide_1.11.0/plugins/com.st.stm32cube.ide.mcu.externaltools.gnu-tools-for-stm32.10.3-2021.10.linux64_1.0.100.202210260954/tools/bin/../lib/gcc/arm-none-eabi/10.3.1/thumb/v7e-m+fp/hard/crtbegin.o
                0x00000000080050d4                PROVIDE (__init_array_end = .)
                0x00000000080050d4                . = ALIGN (0x4)

.fini_array     0x00000000080050d4        0x4
                0x00000000080050d4                . = ALIGN (0x4)
                [!provide]                        PROVIDE (__fini_array_start = .)
 *(SORT_BY_NAME(.fini_array.*))
 *(.fini_array*)
 .fini_array    0x00000000080050d4        0x4 /opt/st/stm32cubeide_1.11.0/plugins/com.st.stm32cube.ide.mcu.externaltools.gnu-tools-for-stm32.10.3-2021.10.linux64_1.0.100.202210260954/tools/bin/../lib/gcc/arm-none-eabi/10.3.1/thumb/v7e-m+fp/hard/crtbegin.o
                [!provide]                        PROVIDE (__fini_array_end = .)
                0x00000000080050d8                . = ALIGN (0x4)
                0x00000000080050d8                _sidata = LOADADDR (.data)

.data           0x0000000020000000       0x78 load address 0x00000000080050d8
                0x0000000020000000                . = ALIGN (0x4)
                0x0000000020000000                _sdata = .
 *(.data)
 *(.data*)
 .data.SystemCoreClock
                0x0000000020000000        0x4 ./Core/Src/system_stm32f4xx.o
                0x0000000020000000                SystemCoreClock
 .data.uwTickPrio
                0x0000000020000004        0x4 ./Drivers/STM32F4xx_HAL_Driver/Src/stm32f4xx_hal.o
                0x0000000020000004                uwTickPrio
 .data.uwTickFreq
                0x0000000020000008        0x1 ./Drivers/STM32F4xx_HAL_Driver/Src/stm32f4xx_hal.o
                0x0000000020000008                uwTickFreq
 *fill*         0x0000000020000009        0x3 
 .data.Tout     0x000000002000000c        0x4 ../libSIM800xSTM32F4-API.a(SIM800x.o)
                0x000000002000000c                Tout
 .data.Tout     0x0000000020000010        0x4 ../libSIM800xSTM32F4-API.a(SIM800x_SDM.o)
 .data._impure_ptr
                0x0000000020000014        0x4 /opt/st/stm32cubeide_1.11.0/plugins/com.st.stm32cube.ide.mcu.externaltools.gnu-tools-for-stm32.10.3-2021.10.linux64_1.0.100.202210260954/tools/bin/../lib/gcc/arm-none-eabi/10.3.1/../../../../arm-none-eabi/lib/thumb/v7e-m+fp/hard/libc_nano.a(lib_a-impure.o)
                0x0000000020000014                _impure_ptr
 .data.impure_data
                0x0000000020000018       0x60 /opt/st/stm32cubeide_1.11.0/plugins/com.st.stm32cube.ide.mcu.externaltools.gnu-tools-for-stm32.10.3-2021.10.linux64_1.0.100.202210260954/tools/bin/../lib/gcc/arm-none-eabi/10.3.1/../../../../arm-none-eabi/lib/thumb/v7e-m+fp/hard/libc_nano.a(lib_a-impure.o)
 *(.RamFunc)
 *(.RamFunc*)
                0x0000000020000078                . = ALIGN (0x4)
                0x0000000020000078                _edata = .
                0x0000000008005150                _siccmram = LOADADDR (.ccmram)

.igot.plt       0x0000000020000078        0x0 load address 0x0000000008005150
 .igot.plt      0x0000000020000078        0x0 /opt/st/stm32cubeide_1.11.0/plugins/com.st.stm32cube.ide.mcu.externaltools.gnu-tools-for-stm32.10.3-2021.10.linux64_1.0.100.202210260954/tools/bin/../lib/gcc/arm-none-eabi/10.3.1/thumb/v7e-m+fp/hard/crtbegin.o

.ccmram         0x0000000010000000        0x0 load address 0x0000000008005150
                0x0000000010000000                . = ALIGN (0x4)
                0x0000000010000000                _sccmram = .
 *(.ccmram)
 *(.ccmram*)
                0x0000000010000000                . = ALIGN (0x4)
                0x0000000010000000                _eccmram = .
                0x0000000010000000                . = ALIGN (0x4)

.bss            0x0000000020000078      0x348
                0x0000000020000078                _sbss = .
                0x0000000020000078                __bss_start__ = _sbss
 *(.bss)
 .bss           0x0000000020000078       0x1c /opt/st/stm32cubeide_1.11.0/plugins/com.st.stm32cube.ide.mcu.externaltools.gnu-tools-for-stm32.10.3-2021.10.linux64_1.0.100.202210260954/tools/bin/../lib/gcc/arm-none-eabi/10.3.1/thumb/v7e-m+fp/hard/crtbegin.o
 *(.bss*)
 .bss.huart2    0x0000000020000094       0x44 ./Core/Src/main.o
                0x0000000020000094                huart2
 .bss.huart3    0x00000000200000d8       0x44 ./Core/Src/main.o
                0x00000000200000d8                huart3
 .bss.__sbrk_heap_end
                0x000000002000011c        0x4 ./Core/Src/sysmem.o
 .bss.txmessage
                0x0000000020000120       0x64 ./Drivers/SIM800x/Src/ApplicationExample.o
                0x0000000020000120                txmessage
 .bss.rxmessage
                0x0000000020000184       0x1e ./Drivers/SIM800x/Src/ApplicationExample.o
                0x0000000020000184                rxmessage
 .bss.cpos      0x00000000200001a2        0x2 ./Drivers/SIM800x/Src/ApplicationExample.o
                0x00000000200001a2                cpos
 .bss.uwTick    0x00000000200001a4        0x4 ./Drivers/STM32F4xx_HAL_Driver/Src/stm32f4xx_hal.o
                0x00000000200001a4                uwTick
 .bss.RxFIFO    0x00000000200001a8      0x200 ../libSIM800xSTM32F4-API.a(SIM800x_SDM.o)
 .bss.Rxfifoptr
                0x00000000200003a8        0x2 ../libSIM800xSTM32F4-API.a(SIM800x_SDM.o)
 .bss.Rxfifocurrent
                0x00000000200003aa        0x2 ../libSIM800xSTM32F4-API.a(SIM800x_SDM.o)
 .bss.Rbyte     0x00000000200003ac        0x1 ../libSIM800xSTM32F4-API.a(SIM800x_SDM.o)
 *fill*         0x00000000200003ad        0x3 
 .bss.__malloc_free_list
                0x00000000200003b0        0x4 /opt/st/stm32cubeide_1.11.0/plugins/com.st.stm32cube.ide.mcu.externaltools.gnu-tools-for-stm32.10.3-2021.10.linux64_1.0.100.202210260954/tools/bin/../lib/gcc/arm-none-eabi/10.3.1/../../../../arm-none-eabi/lib/thumb/v7e-m+fp/hard/libc_nano.a(lib_a-nano-mallocr.o)
                0x00000000200003b0                __malloc_free_list
 .bss.__malloc_sbrk_start
                0x00000000200003b4        0x4 /opt/st/stm32cubeide_1.11.0/plugins/com.st.stm32cube.ide.mcu.externaltools.gnu-tools-for-stm32.10.3-2021.10.linux64_1.0.100.202210260954/tools/bin/../lib/gcc/arm-none-eabi/10.3.1/../../../../arm-none-eabi/lib/thumb/v7e-m+fp/hard/libc_nano.a(lib_a-nano-mallocr.o)
                0x00000000200003b4                __malloc_sbrk_start
 .bss.errno     0x00000000200003b8        0x4 /opt/st/stm32cubeide_1.11.0/plugins/com.st.stm32cube.ide.mcu.externaltools.gnu-tools-for-stm32.10.3-2021.10.linux64_1.0.100.202210260954/tools/bin/../lib/gcc/arm-none-eabi/10.3.1/../../../../arm-none-eabi/lib/thumb/v7e-m+fp/hard/libc_nano.a(lib_a-reent.o)
                0x00000000200003b8                errno
 .bss.__lock___malloc_recursive_mutex
                0x00000000200003bc        0x1 /opt/st/stm32cubeide_1.11.0/plugins/com.st.stm32cube.ide.mcu.externaltools.gnu-tools-for-stm32.10.3-2021.10.linux64_1.0.100.202210260954/tools/bin/../lib/gcc/arm-none-eabi/10.3.1/../../../../arm-none-eabi/lib/thumb/v7e-m+fp/hard/libc_nano.a(lib_a-lock.o)
                0x00000000200003bc                __lock___malloc_recursive_mutex
 *(COMMON)
                0x00000000200003c0                . = ALIGN (0x4)
 *fill*         0x00000000200003bd        0x3 
                0x00000000200003c0                _ebss = .
                0x00000000200003c0                __bss_end__ = _ebss

._user_heap_stack
                0x00000000200003c0      0x600
                0x00000000200003c0                . = ALIGN (0x8)
                [!provide]                        PROVIDE (end = .)
                0x00000000200003c0                PROVIDE (_end = .)
                0x00000000200005c0                . = (. + _Min_Heap_Size)
 *fill*         0x00000000200003c0      0x200 
                0x00000000200009c0                . = (. + _Min_Stack_Size)
 *fill*         0x00000000200005c0      0x400 
                0x00000000200009c0                . = ALIGN (0x8)

/DISCARD/
 libc.a(*)
 libm.a(*)
 libgcc.a(*)

.ARM.attributes
                0x0000000000000000       0x30
 *(.ARM.attributes)
 .ARM.attributes
                0x0000000000000000       0x1e /opt/st/stm32cubeide_1.11.0/plugins/com.st.stm32cube.ide.mcu.externaltools.gnu-tools-for-stm32.10.3-2021.10.linux64_1.0.100.202210260954/tools/bin/../lib/gcc/arm-none-eabi/10.3.1/thumb/v7e-m+fp/hard/crti.o
 .ARM.attributes
                0x000000000000001e       0x34 /opt/st/stm32cubeide_1.11.0/plugins/com.st.stm32cube.ide.mcu.externaltools.gnu-tools-for-stm32.10.3-2021.10.linux64_1.0.100.202210260954/tools/bin/../lib/gcc/arm-none-eabi/10.3.1/thumb/v7e-m+fp/hard/crtbegin.o
 .ARM.attributes
                0x0000000000000052       0x34 ./Core/Src/main.o
 .ARM.attributes
                0x0000000000000086       0x34 ./Core/Src/stm32f4xx_hal_msp.o
 .ARM.attributes
                0x00000000000000ba       0x34 ./Core/Src/stm32f4xx_it.o
 .ARM.attributes
                0x00000000000000ee       0x34 ./Core/Src/sysmem.o
 .ARM.attributes
                0x0000000000000122       0x34 ./Core/Src/system_stm32f4xx.o
 .ARM.attributes
                0x0000000000000156       0x21 ./Core/Startup/startup_stm32f407vgtx.o
 .ARM.attributes
                0x0000000000000177       0x34 ./Drivers/SIM800x/Src/ApplicationExample.o
 .ARM.attributes
                0x00000000000001ab       0x34 ./Drivers/STM32F4xx_HAL_Driver/Src/stm32f4xx_hal.o
 .ARM.attributes
                0x00000000000001df       0x34 ./Drivers/STM32F4xx_HAL_Driver/Src/stm32f4xx_hal_cortex.o
 .ARM.attributes
                0x0000000000000213       0x34 ./Drivers/STM32F4xx_HAL_Driver/Src/stm32f4xx_hal_dma.o
 .ARM.attributes
                0x0000000000000247       0x34 ./Drivers/STM32F4xx_HAL_Driver/Src/stm32f4xx_hal_gpio.o
 .ARM.attributes
                0x000000000000027b       0x34 ./Drivers/STM32F4xx_HAL_Driver/Src/stm32f4xx_hal_rcc.o
 .ARM.attributes
                0x00000000000002af       0x34 ./Drivers/STM32F4xx_HAL_Driver/Src/stm32f4xx_hal_uart.o
 .ARM.attributes
                0x00000000000002e3       0x34 ../libSIM800xSTM32F4-API.a(SIM800x.o)
 .ARM.attributes
                0x0000000000000317       0x34 ../libSIM800xSTM32F4-API.a(SIM800x_SDM.o)
 .ARM.attributes
                0x000000000000034b       0x34 ../libLightJSONParser.a(JSON.o)
 .ARM.attributes
                0x000000000000037f       0x1e /opt/st/stm32cubeide_1.11.0/plugins/com.st.stm32cube.ide.mcu.externaltools.gnu-tools-for-stm32.10.3-2021.10.linux64_1.0.100.202210260954/tools/bin/../lib/gcc/arm-none-eabi/10.3.1/thumb/v7e-m+fp/hard/libgcc.a(_aeabi_uldivmod.o)
 .ARM.attributes
                0x000000000000039d       0x34 /opt/st/stm32cubeide_1.11.0/plugins/com.st.stm32cube.ide.mcu.externaltools.gnu-tools-for-stm32.10.3-2021.10.linux64_1.0.100.202210260954/tools/bin/../lib/gcc/arm-none-eabi/10.3.1/thumb/v7e-m+fp/hard/libgcc.a(_udivmoddi4.o)
 .ARM.attributes
                0x00000000000003d1       0x1e /opt/st/stm32cubeide_1.11.0/plugins/com.st.stm32cube.ide.mcu.externaltools.gnu-tools-for-stm32.10.3-2021.10.linux64_1.0.100.202210260954/tools/bin/../lib/gcc/arm-none-eabi/10.3.1/thumb/v7e-m+fp/hard/libgcc.a(_dvmd_tls.o)
 .ARM.attributes
                0x00000000000003ef       0x34 /opt/st/stm32cubeide_1.11.0/plugins/com.st.stm32cube.ide.mcu.externaltools.gnu-tools-for-stm32.10.3-2021.10.linux64_1.0.100.202210260954/tools/bin/../lib/gcc/arm-none-eabi/10.3.1/../../../../arm-none-eabi/lib/thumb/v7e-m+fp/hard/libc_nano.a(lib_a-errno.o)
 .ARM.attributes
                0x0000000000000423       0x34 /opt/st/stm32cubeide_1.11.0/plugins/com.st.stm32cube.ide.mcu.externaltools.gnu-tools-for-stm32.10.3-2021.10.linux64_1.0.100.202210260954/tools/bin/../lib/gcc/arm-none-eabi/10.3.1/../../../../arm-none-eabi/lib/thumb/v7e-m+fp/hard/libc_nano.a(lib_a-impure.o)
 .ARM.attributes
                0x0000000000000457       0x34 /opt/st/stm32cubeide_1.11.0/plugins/com.st.stm32cube.ide.mcu.externaltools.gnu-tools-for-stm32.10.3-2021.10.linux64_1.0.100.202210260954/tools/bin/../lib/gcc/arm-none-eabi/10.3.1/../../../../arm-none-eabi/lib/thumb/v7e-m+fp/hard/libc_nano.a(lib_a-init.o)
 .ARM.attributes
                0x000000000000048b       0x34 /opt/st/stm32cubeide_1.11.0/plugins/com.st.stm32cube.ide.mcu.externaltools.gnu-tools-for-stm32.10.3-2021.10.linux64_1.0.100.202210260954/tools/bin/../lib/gcc/arm-none-eabi/10.3.1/../../../../arm-none-eabi/lib/thumb/v7e-m+fp/hard/libc_nano.a(lib_a-memset.o)
 .ARM.attributes
                0x00000000000004bf       0x34 /opt/st/stm32cubeide_1.11.0/plugins/com.st.stm32cube.ide.mcu.externaltools.gnu-tools-for-stm32.10.3-2021.10.linux64_1.0.100.202210260954/tools/bin/../lib/gcc/arm-none-eabi/10.3.1/../../../../arm-none-eabi/lib/thumb/v7e-m+fp/hard/libc_nano.a(lib_a-sprintf.o)
 .ARM.attributes
                0x00000000000004f3       0x17 /opt/st/stm32cubeide_1.11.0/plugins/com.st.stm32cube.ide.mcu.externaltools.gnu-tools-for-stm32.10.3-2021.10.linux64_1.0.100.202210260954/tools/bin/../lib/gcc/arm-none-eabi/10.3.1/../../../../arm-none-eabi/lib/thumb/v7e-m+fp/hard/libc_nano.a(lib_a-strlen.o)
 .ARM.attributes
                0x000000000000050a       0x34 /opt/st/stm32cubeide_1.11.0/plugins/com.st.stm32cube.ide.mcu.externaltools.gnu-tools-for-stm32.10.3-2021.10.linux64_1.0.100.202210260954/tools/bin/../lib/gcc/arm-none-eabi/10.3.1/../../../../arm-none-eabi/lib/thumb/v7e-m+fp/hard/libc_nano.a(lib_a-nano-svfprintf.o)
 .ARM.attributes
                0x000000000000053e       0x34 /opt/st/stm32cubeide_1.11.0/plugins/com.st.stm32cube.ide.mcu.externaltools.gnu-tools-for-stm32.10.3-2021.10.linux64_1.0.100.202210260954/tools/bin/../lib/gcc/arm-none-eabi/10.3.1/../../../../arm-none-eabi/lib/thumb/v7e-m+fp/hard/libc_nano.a(lib_a-nano-vfprintf_i.o)
 .ARM.attributes
                0x0000000000000572       0x1c /opt/st/stm32cubeide_1.11.0/plugins/com.st.stm32cube.ide.mcu.externaltools.gnu-tools-for-stm32.10.3-2021.10.linux64_1.0.100.202210260954/tools/bin/../lib/gcc/arm-none-eabi/10.3.1/../../../../arm-none-eabi/lib/thumb/v7e-m+fp/hard/libc_nano.a(lib_a-memchr.o)
 .ARM.attributes
                0x000000000000058e       0x34 /opt/st/stm32cubeide_1.11.0/plugins/com.st.stm32cube.ide.mcu.externaltools.gnu-tools-for-stm32.10.3-2021.10.linux64_1.0.100.202210260954/tools/bin/../lib/gcc/arm-none-eabi/10.3.1/../../../../arm-none-eabi/lib/thumb/v7e-m+fp/hard/libc_nano.a(lib_a-memcpy-stub.o)
 .ARM.attributes
                0x00000000000005c2       0x34 /opt/st/stm32cubeide_1.11.0/plugins/com.st.stm32cube.ide.mcu.externaltools.gnu-tools-for-stm32.10.3-2021.10.linux64_1.0.100.202210260954/tools/bin/../lib/gcc/arm-none-eabi/10.3.1/../../../../arm-none-eabi/lib/thumb/v7e-m+fp/hard/libc_nano.a(lib_a-memmove.o)
 .ARM.attributes
                0x00000000000005f6       0x34 /opt/st/stm32cubeide_1.11.0/plugins/com.st.stm32cube.ide.mcu.externaltools.gnu-tools-for-stm32.10.3-2021.10.linux64_1.0.100.202210260954/tools/bin/../lib/gcc/arm-none-eabi/10.3.1/../../../../arm-none-eabi/lib/thumb/v7e-m+fp/hard/libc_nano.a(lib_a-nano-freer.o)
 .ARM.attributes
                0x000000000000062a       0x34 /opt/st/stm32cubeide_1.11.0/plugins/com.st.stm32cube.ide.mcu.externaltools.gnu-tools-for-stm32.10.3-2021.10.linux64_1.0.100.202210260954/tools/bin/../lib/gcc/arm-none-eabi/10.3.1/../../../../arm-none-eabi/lib/thumb/v7e-m+fp/hard/libc_nano.a(lib_a-nano-mallocr.o)
 .ARM.attributes
                0x000000000000065e       0x34 /opt/st/stm32cubeide_1.11.0/plugins/com.st.stm32cube.ide.mcu.externaltools.gnu-tools-for-stm32.10.3-2021.10.linux64_1.0.100.202210260954/tools/bin/../lib/gcc/arm-none-eabi/10.3.1/../../../../arm-none-eabi/lib/thumb/v7e-m+fp/hard/libc_nano.a(lib_a-nano-reallocr.o)
 .ARM.attributes
                0x0000000000000692       0x34 /opt/st/stm32cubeide_1.11.0/plugins/com.st.stm32cube.ide.mcu.externaltools.gnu-tools-for-stm32.10.3-2021.10.linux64_1.0.100.202210260954/tools/bin/../lib/gcc/arm-none-eabi/10.3.1/../../../../arm-none-eabi/lib/thumb/v7e-m+fp/hard/libc_nano.a(lib_a-sbrkr.o)
 .ARM.attributes
                0x00000000000006c6       0x34 /opt/st/stm32cubeide_1.11.0/plugins/com.st.stm32cube.ide.mcu.externaltools.gnu-tools-for-stm32.10.3-2021.10.linux64_1.0.100.202210260954/tools/bin/../lib/gcc/arm-none-eabi/10.3.1/../../../../arm-none-eabi/lib/thumb/v7e-m+fp/hard/libc_nano.a(lib_a-mlock.o)
 .ARM.attributes
                0x00000000000006fa       0x34 /opt/st/stm32cubeide_1.11.0/plugins/com.st.stm32cube.ide.mcu.externaltools.gnu-tools-for-stm32.10.3-2021.10.linux64_1.0.100.202210260954/tools/bin/../lib/gcc/arm-none-eabi/10.3.1/../../../../arm-none-eabi/lib/thumb/v7e-m+fp/hard/libc_nano.a(lib_a-nano-msizer.o)
 .ARM.attributes
                0x000000000000072e       0x34 /opt/st/stm32cubeide_1.11.0/plugins/com.st.stm32cube.ide.mcu.externaltools.gnu-tools-for-stm32.10.3-2021.10.linux64_1.0.100.202210260954/tools/bin/../lib/gcc/arm-none-eabi/10.3.1/../../../../arm-none-eabi/lib/thumb/v7e-m+fp/hard/libc_nano.a(lib_a-reent.o)
 .ARM.attributes
                0x0000000000000762       0x34 /opt/st/stm32cubeide_1.11.0/plugins/com.st.stm32cube.ide.mcu.externaltools.gnu-tools-for-stm32.10.3-2021.10.linux64_1.0.100.202210260954/tools/bin/../lib/gcc/arm-none-eabi/10.3.1/../../../../arm-none-eabi/lib/thumb/v7e-m+fp/hard/libc_nano.a(lib_a-lock.o)
 .ARM.attributes
                0x0000000000000796       0x1e /opt/st/stm32cubeide_1.11.0/plugins/com.st.stm32cube.ide.mcu.externaltools.gnu-tools-for-stm32.10.3-2021.10.linux64_1.0.100.202210260954/tools/bin/../lib/gcc/arm-none-eabi/10.3.1/thumb/v7e-m+fp/hard/crtn.o
OUTPUT(SIM800xSTM32F4.elf elf32-littlearm)
LOAD linker stubs
LOAD /opt/st/stm32cubeide_1.11.0/plugins/com.st.stm32cube.ide.mcu.externaltools.gnu-tools-for-stm32.10.3-2021.10.linux64_1.0.100.202210260954/tools/bin/../lib/gcc/arm-none-eabi/10.3.1/../../../../arm-none-eabi/lib/thumb/v7e-m+fp/hard/libc.a
LOAD /opt/st/stm32cubeide_1.11.0/plugins/com.st.stm32cube.ide.mcu.externaltools.gnu-tools-for-stm32.10.3-2021.10.linux64_1.0.100.202210260954/tools/bin/../lib/gcc/arm-none-eabi/10.3.1/../../../../arm-none-eabi/lib/thumb/v7e-m+fp/hard/libm.a
LOAD /opt/st/stm32cubeide_1.11.0/plugins/com.st.stm32cube.ide.mcu.externaltools.gnu-tools-for-stm32.10.3-2021.10.linux64_1.0.100.202210260954/tools/bin/../lib/gcc/arm-none-eabi/10.3.1/thumb/v7e-m+fp/hard/libgcc.a

.debug_info     0x0000000000000000     0xc2a6
 .debug_info    0x0000000000000000      0xcb6 ./Core/Src/main.o
 .debug_info    0x0000000000000cb6      0xc2c ./Core/Src/stm32f4xx_hal_msp.o
 .debug_info    0x00000000000018e2      0x665 ./Core/Src/stm32f4xx_it.o
 .debug_info    0x0000000000001f47      0x171 ./Core/Src/sysmem.o
 .debug_info    0x00000000000020b8      0x523 ./Core/Src/system_stm32f4xx.o
 .debug_info    0x00000000000025db       0x22 ./Core/Startup/startup_stm32f407vgtx.o
 .debug_info    0x00000000000025fd      0x986 ./Drivers/SIM800x/Src/ApplicationExample.o
 .debug_info    0x0000000000002f83      0x97c ./Drivers/STM32F4xx_HAL_Driver/Src/stm32f4xx_hal.o
 .debug_info    0x00000000000038ff      0xe1b ./Drivers/STM32F4xx_HAL_Driver/Src/stm32f4xx_hal_cortex.o
 .debug_info    0x000000000000471a      0x94f ./Drivers/STM32F4xx_HAL_Driver/Src/stm32f4xx_hal_dma.o
 .debug_info    0x0000000000005069      0x76a ./Drivers/STM32F4xx_HAL_Driver/Src/stm32f4xx_hal_gpio.o
 .debug_info    0x00000000000057d3      0x966 ./Drivers/STM32F4xx_HAL_Driver/Src/stm32f4xx_hal_rcc.o
 .debug_info    0x0000000000006139     0x31bc ./Drivers/STM32F4xx_HAL_Driver/Src/stm32f4xx_hal_uart.o
 .debug_info    0x00000000000092f5     0x223e ../libSIM800xSTM32F4-API.a(SIM800x.o)
 .debug_info    0x000000000000b533      0x9a2 ../libSIM800xSTM32F4-API.a(SIM800x_SDM.o)
 .debug_info    0x000000000000bed5      0x3d1 ../libLightJSONParser.a(JSON.o)

.debug_abbrev   0x0000000000000000     0x1fa8
 .debug_abbrev  0x0000000000000000      0x2b0 ./Core/Src/main.o
 .debug_abbrev  0x00000000000002b0      0x1b9 ./Core/Src/stm32f4xx_hal_msp.o
 .debug_abbrev  0x0000000000000469      0x166 ./Core/Src/stm32f4xx_it.o
 .debug_abbrev  0x00000000000005cf       0xbb ./Core/Src/sysmem.o
 .debug_abbrev  0x000000000000068a      0x116 ./Core/Src/system_stm32f4xx.o
 .debug_abbrev  0x00000000000007a0       0x12 ./Core/Startup/startup_stm32f407vgtx.o
 .debug_abbrev  0x00000000000007b2      0x1ce ./Drivers/SIM800x/Src/ApplicationExample.o
 .debug_abbrev  0x0000000000000980      0x20d ./Drivers/STM32F4xx_HAL_Driver/Src/stm32f4xx_hal.o
 .debug_abbrev  0x0000000000000b8d      0x316 ./Drivers/STM32F4xx_HAL_Driver/Src/stm32f4xx_hal_cortex.o
 .debug_abbrev  0x0000000000000ea3      0x25b ./Drivers/STM32F4xx_HAL_Driver/Src/stm32f4xx_hal_dma.o
 .debug_abbrev  0x00000000000010fe      0x1c4 ./Drivers/STM32F4xx_HAL_Driver/Src/stm32f4xx_hal_gpio.o
 .debug_abbrev  0x00000000000012c2      0x2aa ./Drivers/STM32F4xx_HAL_Driver/Src/stm32f4xx_hal_rcc.o
 .debug_abbrev  0x000000000000156c      0x2f4 ./Drivers/STM32F4xx_HAL_Driver/Src/stm32f4xx_hal_uart.o
 .debug_abbrev  0x0000000000001860      0x32c ../libSIM800xSTM32F4-API.a(SIM800x.o)
 .debug_abbrev  0x0000000000001b8c      0x2fc ../libSIM800xSTM32F4-API.a(SIM800x_SDM.o)
 .debug_abbrev  0x0000000000001e88      0x120 ../libLightJSONParser.a(JSON.o)

.debug_aranges  0x0000000000000000      0xa30
 .debug_aranges
                0x0000000000000000       0x50 ./Core/Src/main.o
 .debug_aranges
                0x0000000000000050       0x30 ./Core/Src/stm32f4xx_hal_msp.o
 .debug_aranges
                0x0000000000000080       0x68 ./Core/Src/stm32f4xx_it.o
 .debug_aranges
                0x00000000000000e8       0x20 ./Core/Src/sysmem.o
 .debug_aranges
                0x0000000000000108       0x28 ./Core/Src/system_stm32f4xx.o
 .debug_aranges
                0x0000000000000130       0x28 ./Core/Startup/startup_stm32f407vgtx.o
 .debug_aranges
                0x0000000000000158       0x28 ./Drivers/SIM800x/Src/ApplicationExample.o
 .debug_aranges
                0x0000000000000180       0xf0 ./Drivers/STM32F4xx_HAL_Driver/Src/stm32f4xx_hal.o
 .debug_aranges
                0x0000000000000270      0x118 ./Drivers/STM32F4xx_HAL_Driver/Src/stm32f4xx_hal_cortex.o
 .debug_aranges
                0x0000000000000388       0x90 ./Drivers/STM32F4xx_HAL_Driver/Src/stm32f4xx_hal_dma.o
 .debug_aranges
                0x0000000000000418       0x58 ./Drivers/STM32F4xx_HAL_Driver/Src/stm32f4xx_hal_gpio.o
 .debug_aranges
                0x0000000000000470       0x88 ./Drivers/STM32F4xx_HAL_Driver/Src/stm32f4xx_hal_rcc.o
 .debug_aranges
                0x00000000000004f8      0x200 ./Drivers/STM32F4xx_HAL_Driver/Src/stm32f4xx_hal_uart.o
 .debug_aranges
                0x00000000000006f8      0x250 ../libSIM800xSTM32F4-API.a(SIM800x.o)
 .debug_aranges
                0x0000000000000948       0xa0 ../libSIM800xSTM32F4-API.a(SIM800x_SDM.o)
 .debug_aranges
                0x00000000000009e8       0x48 ../libLightJSONParser.a(JSON.o)

.debug_ranges   0x0000000000000000      0x968
 .debug_ranges  0x0000000000000000       0x40 ./Core/Src/main.o
 .debug_ranges  0x0000000000000040       0x20 ./Core/Src/stm32f4xx_hal_msp.o
 .debug_ranges  0x0000000000000060       0x58 ./Core/Src/stm32f4xx_it.o
 .debug_ranges  0x00000000000000b8       0x10 ./Core/Src/sysmem.o
 .debug_ranges  0x00000000000000c8       0x18 ./Core/Src/system_stm32f4xx.o
 .debug_ranges  0x00000000000000e0       0x20 ./Core/Startup/startup_stm32f407vgtx.o
 .debug_ranges  0x0000000000000100       0x18 ./Drivers/SIM800x/Src/ApplicationExample.o
 .debug_ranges  0x0000000000000118       0xe0 ./Drivers/STM32F4xx_HAL_Driver/Src/stm32f4xx_hal.o
 .debug_ranges  0x00000000000001f8      0x108 ./Drivers/STM32F4xx_HAL_Driver/Src/stm32f4xx_hal_cortex.o
 .debug_ranges  0x0000000000000300       0x80 ./Drivers/STM32F4xx_HAL_Driver/Src/stm32f4xx_hal_dma.o
 .debug_ranges  0x0000000000000380       0x48 ./Drivers/STM32F4xx_HAL_Driver/Src/stm32f4xx_hal_gpio.o
 .debug_ranges  0x00000000000003c8       0x78 ./Drivers/STM32F4xx_HAL_Driver/Src/stm32f4xx_hal_rcc.o
 .debug_ranges  0x0000000000000440      0x220 ./Drivers/STM32F4xx_HAL_Driver/Src/stm32f4xx_hal_uart.o
 .debug_ranges  0x0000000000000660      0x240 ../libSIM800xSTM32F4-API.a(SIM800x.o)
 .debug_ranges  0x00000000000008a0       0x90 ../libSIM800xSTM32F4-API.a(SIM800x_SDM.o)
 .debug_ranges  0x0000000000000930       0x38 ../libLightJSONParser.a(JSON.o)

.debug_macro    0x0000000000000000    0x285ed
 .debug_macro   0x0000000000000000      0x401 ./Core/Src/main.o
 .debug_macro   0x0000000000000401      0xa78 ./Core/Src/main.o
 .debug_macro   0x0000000000000e79      0x295 ./Core/Src/main.o
 .debug_macro   0x000000000000110e       0x2e ./Core/Src/main.o
 .debug_macro   0x000000000000113c       0x2f ./Core/Src/main.o
 .debug_macro   0x000000000000116b       0x22 ./Core/Src/main.o
 .debug_macro   0x000000000000118d       0x8e ./Core/Src/main.o
 .debug_macro   0x000000000000121b       0x51 ./Core/Src/main.o
 .debug_macro   0x000000000000126c      0x103 ./Core/Src/main.o
 .debug_macro   0x000000000000136f       0x6a ./Core/Src/main.o
 .debug_macro   0x00000000000013d9      0x1df ./Core/Src/main.o
 .debug_macro   0x00000000000015b8       0x1c ./Core/Src/main.o
 .debug_macro   0x00000000000015d4       0x22 ./Core/Src/main.o
 .debug_macro   0x00000000000015f6       0xd9 ./Core/Src/main.o
 .debug_macro   0x00000000000016cf     0x102d ./Core/Src/main.o
 .debug_macro   0x00000000000026fc      0x11f ./Core/Src/main.o
 .debug_macro   0x000000000000281b    0x15e82 ./Core/Src/main.o
 .debug_macro   0x000000000001869d       0x6d ./Core/Src/main.o
 .debug_macro   0x000000000001870a     0x367e ./Core/Src/main.o
 .debug_macro   0x000000000001bd88      0x174 ./Core/Src/main.o
 .debug_macro   0x000000000001befc       0x5c ./Core/Src/main.o
 .debug_macro   0x000000000001bf58      0x96b ./Core/Src/main.o
 .debug_macro   0x000000000001c8c3      0x9fe ./Core/Src/main.o
 .debug_macro   0x000000000001d2c1      0x115 ./Core/Src/main.o
 .debug_macro   0x000000000001d3d6      0x13e ./Core/Src/main.o
 .debug_macro   0x000000000001d514       0xa5 ./Core/Src/main.o
 .debug_macro   0x000000000001d5b9      0x174 ./Core/Src/main.o
 .debug_macro   0x000000000001d72d      0x287 ./Core/Src/main.o
 .debug_macro   0x000000000001d9b4       0x5f ./Core/Src/main.o
 .debug_macro   0x000000000001da13      0x236 ./Core/Src/main.o
 .debug_macro   0x000000000001dc49      0x12c ./Core/Src/main.o
 .debug_macro   0x000000000001dd75      0x21e ./Core/Src/main.o
 .debug_macro   0x000000000001df93       0x2e ./Core/Src/main.o
 .debug_macro   0x000000000001dfc1      0x11a ./Core/Src/main.o
 .debug_macro   0x000000000001e0db       0x7e ./Core/Src/main.o
 .debug_macro   0x000000000001e159       0x89 ./Core/Src/main.o
 .debug_macro   0x000000000001e1e2      0x295 ./Core/Src/main.o
 .debug_macro   0x000000000001e477      0x12d ./Core/Src/main.o
 .debug_macro   0x000000000001e5a4       0xc4 ./Core/Src/main.o
 .debug_macro   0x000000000001e668       0x7c ./Core/Src/main.o
 .debug_macro   0x000000000001e6e4       0x52 ./Core/Src/main.o
 .debug_macro   0x000000000001e736       0x1e ./Core/Src/main.o
 .debug_macro   0x000000000001e754       0x3c ./Core/Src/main.o
 .debug_macro   0x000000000001e790       0x34 ./Core/Src/main.o
 .debug_macro   0x000000000001e7c4       0x16 ./Core/Src/main.o
 .debug_macro   0x000000000001e7da       0x43 ./Core/Src/main.o
 .debug_macro   0x000000000001e81d       0x34 ./Core/Src/main.o
 .debug_macro   0x000000000001e851       0x10 ./Core/Src/main.o
 .debug_macro   0x000000000001e861       0x58 ./Core/Src/main.o
 .debug_macro   0x000000000001e8b9       0x71 ./Core/Src/main.o
 .debug_macro   0x000000000001e92a       0x1c ./Core/Src/main.o
 .debug_macro   0x000000000001e946      0x12a ./Core/Src/main.o
 .debug_macro   0x000000000001ea70      0x341 ./Core/Src/main.o
 .debug_macro   0x000000000001edb1       0x10 ./Core/Src/main.o
 .debug_macro   0x000000000001edc1       0x35 ./Core/Src/main.o
 .debug_macro   0x000000000001edf6       0x20 ./Core/Src/main.o
 .debug_macro   0x000000000001ee16       0x46 ./Core/Src/main.o
 .debug_macro   0x000000000001ee5c      0x7ea ./Core/Src/main.o
 .debug_macro   0x000000000001f646       0x16 ./Core/Src/main.o
 .debug_macro   0x000000000001f65c       0x16 ./Core/Src/main.o
 .debug_macro   0x000000000001f672       0x29 ./Core/Src/main.o
 .debug_macro   0x000000000001f69b       0x1c ./Core/Src/main.o
 .debug_macro   0x000000000001f6b7       0x10 ./Core/Src/main.o
 .debug_macro   0x000000000001f6c7       0x10 ./Core/Src/main.o
 .debug_macro   0x000000000001f6d7       0x1c ./Core/Src/main.o
 .debug_macro   0x000000000001f6f3       0x52 ./Core/Src/main.o
 .debug_macro   0x000000000001f745       0x22 ./Core/Src/main.o
 .debug_macro   0x000000000001f767       0x10 ./Core/Src/main.o
 .debug_macro   0x000000000001f777       0x52 ./Core/Src/main.o
 .debug_macro   0x000000000001f7c9       0xd5 ./Core/Src/main.o
 .debug_macro   0x000000000001f89e       0x1c ./Core/Src/main.o
 .debug_macro   0x000000000001f8ba       0x3d ./Core/Src/main.o
 .debug_macro   0x000000000001f8f7       0x16 ./Core/Src/main.o
 .debug_macro   0x000000000001f90d      0x145 ./Core/Src/main.o
 .debug_macro   0x000000000001fa52      0x1c9 ./Core/Src/stm32f4xx_hal_msp.o
 .debug_macro   0x000000000001fc1b      0x1d3 ./Core/Src/stm32f4xx_it.o
 .debug_macro   0x000000000001fdee       0xff ./Core/Src/sysmem.o
 .debug_macro   0x000000000001feed      0x23b ./Core/Src/sysmem.o
 .debug_macro   0x0000000000020128      0x1ba ./Core/Src/system_stm32f4xx.o
 .debug_macro   0x00000000000202e2      0x410 ./Drivers/SIM800x/Src/ApplicationExample.o
 .debug_macro   0x00000000000206f2      0x21a ./Drivers/STM32F4xx_HAL_Driver/Src/stm32f4xx_hal.o
 .debug_macro   0x000000000002090c      0x1ba ./Drivers/STM32F4xx_HAL_Driver/Src/stm32f4xx_hal_cortex.o
 .debug_macro   0x0000000000020ac6      0x1c0 ./Drivers/STM32F4xx_HAL_Driver/Src/stm32f4xx_hal_dma.o
 .debug_macro   0x0000000000020c86      0x1c0 ./Drivers/STM32F4xx_HAL_Driver/Src/stm32f4xx_hal_gpio.o
 .debug_macro   0x0000000000020e46      0x1de ./Drivers/STM32F4xx_HAL_Driver/Src/stm32f4xx_hal_rcc.o
 .debug_macro   0x0000000000021024      0x1bb ./Drivers/STM32F4xx_HAL_Driver/Src/stm32f4xx_hal_uart.o
 .debug_macro   0x00000000000211df      0x62c ../libSIM800xSTM32F4-API.a(SIM800x.o)
 .debug_macro   0x000000000002180b      0x3b5 ../libSIM800xSTM32F4-API.a(SIM800x.o)
 .debug_macro   0x0000000000021bc0      0xb5b ../libSIM800xSTM32F4-API.a(SIM800x.o)
 .debug_macro   0x000000000002271b      0x38b ../libSIM800xSTM32F4-API.a(SIM800x.o)
 .debug_macro   0x0000000000022aa6      0x176 ../libSIM800xSTM32F4-API.a(SIM800x.o)
 .debug_macro   0x0000000000022c1c       0xf9 ../libSIM800xSTM32F4-API.a(SIM800x.o)
 .debug_macro   0x0000000000022d15      0x40f ../libSIM800xSTM32F4-API.a(SIM800x.o)
 .debug_macro   0x0000000000023124       0x22 ../libSIM800xSTM32F4-API.a(SIM800x.o)
 .debug_macro   0x0000000000023146      0x122 ../libSIM800xSTM32F4-API.a(SIM800x.o)
 .debug_macro   0x0000000000023268       0xa6 ../libSIM800xSTM32F4-API.a(SIM800x.o)
 .debug_macro   0x000000000002330e       0x1f ../libSIM800xSTM32F4-API.a(SIM800x.o)
 .debug_macro   0x000000000002332d      0x1d2 ../libSIM800xSTM32F4-API.a(SIM800x.o)
 .debug_macro   0x00000000000234ff      0xd44 ../libSIM800xSTM32F4-API.a(SIM800x.o)
 .debug_macro   0x0000000000024243      0x516 ../libSIM800xSTM32F4-API.a(SIM800x.o)
 .debug_macro   0x0000000000024759       0x88 ../libSIM800xSTM32F4-API.a(SIM800x.o)
 .debug_macro   0x00000000000247e1       0xe3 ../libSIM800xSTM32F4-API.a(SIM800x.o)
 .debug_macro   0x00000000000248c4      0x184 ../libSIM800xSTM32F4-API.a(SIM800x.o)
 .debug_macro   0x0000000000024a48      0x1b5 ../libSIM800xSTM32F4-API.a(SIM800x.o)
 .debug_macro   0x0000000000024bfd       0xd6 ../libSIM800xSTM32F4-API.a(SIM800x.o)
 .debug_macro   0x0000000000024cd3      0x26b ../libSIM800xSTM32F4-API.a(SIM800x.o)
 .debug_macro   0x0000000000024f3e      0x1a7 ../libSIM800xSTM32F4-API.a(SIM800x.o)
 .debug_macro   0x00000000000250e5       0x46 ../libSIM800xSTM32F4-API.a(SIM800x.o)
 .debug_macro   0x000000000002512b       0x4a ../libSIM800xSTM32F4-API.a(SIM800x.o)
 .debug_macro   0x0000000000025175       0x78 ../libSIM800xSTM32F4-API.a(SIM800x.o)
 .debug_macro   0x00000000000251ed       0xa4 ../libSIM800xSTM32F4-API.a(SIM800x.o)
 .debug_macro   0x0000000000025291      0x305 ../libSIM800xSTM32F4-API.a(SIM800x.o)
 .debug_macro   0x0000000000025596      0x452 ../libSIM800xSTM32F4-API.a(SIM800x.o)
 .debug_macro   0x00000000000259e8       0xe4 ../libSIM800xSTM32F4-API.a(SIM800x.o)
 .debug_macro   0x0000000000025acc      0x861 ../libSIM800xSTM32F4-API.a(SIM800x.o)
 .debug_macro   0x000000000002632d      0x1d5 ../libSIM800xSTM32F4-API.a(SIM800x.o)
 .debug_macro   0x0000000000026502      0x225 ../libSIM800xSTM32F4-API.a(SIM800x.o)
 .debug_macro   0x0000000000026727      0x8e6 ../libSIM800xSTM32F4-API.a(SIM800x.o)
 .debug_macro   0x000000000002700d       0x47 ../libSIM800xSTM32F4-API.a(SIM800x.o)
 .debug_macro   0x0000000000027054      0x217 ../libSIM800xSTM32F4-API.a(SIM800x.o)
 .debug_macro   0x000000000002726b      0x1b5 ../libSIM800xSTM32F4-API.a(SIM800x.o)
 .debug_macro   0x0000000000027420      0x2db ../libSIM800xSTM32F4-API.a(SIM800x.o)
 .debug_macro   0x00000000000276fb       0x8d ../libSIM800xSTM32F4-API.a(SIM800x.o)
 .debug_macro   0x0000000000027788      0x248 ../libSIM800xSTM32F4-API.a(SIM800x.o)
 .debug_macro   0x00000000000279d0       0xba ../libSIM800xSTM32F4-API.a(SIM800x.o)
 .debug_macro   0x0000000000027a8a       0x82 ../libSIM800xSTM32F4-API.a(SIM800x.o)
 .debug_macro   0x0000000000027b0c      0x1f7 ../libSIM800xSTM32F4-API.a(SIM800x.o)
 .debug_macro   0x0000000000027d03      0x505 ../libSIM800xSTM32F4-API.a(SIM800x_SDM.o)
 .debug_macro   0x0000000000028208      0x225 ../libLightJSONParser.a(JSON.o)
 .debug_macro   0x000000000002842d       0x16 ../libLightJSONParser.a(JSON.o)
 .debug_macro   0x0000000000028443       0x97 ../libLightJSONParser.a(JSON.o)
 .debug_macro   0x00000000000284da       0xfd ../libLightJSONParser.a(JSON.o)
 .debug_macro   0x00000000000285d7       0x16 ../libLightJSONParser.a(JSON.o)

.debug_line     0x0000000000000000     0xd524
 .debug_line    0x0000000000000000      0xb00 ./Core/Src/main.o
 .debug_line    0x0000000000000b00      0x6f1 ./Core/Src/stm32f4xx_hal_msp.o
 .debug_line    0x00000000000011f1      0x749 ./Core/Src/stm32f4xx_it.o
 .debug_line    0x000000000000193a      0x4c7 ./Core/Src/sysmem.o
 .debug_line    0x0000000000001e01      0x6f0 ./Core/Src/system_stm32f4xx.o
 .debug_line    0x00000000000024f1       0x88 ./Core/Startup/startup_stm32f407vgtx.o
 .debug_line    0x0000000000002579      0xa58 ./Drivers/SIM800x/Src/ApplicationExample.o
 .debug_line    0x0000000000002fd1      0x956 ./Drivers/STM32F4xx_HAL_Driver/Src/stm32f4xx_hal.o
 .debug_line    0x0000000000003927      0xc05 ./Drivers/STM32F4xx_HAL_Driver/Src/stm32f4xx_hal_cortex.o
 .debug_line    0x000000000000452c      0xeba ./Drivers/STM32F4xx_HAL_Driver/Src/stm32f4xx_hal_dma.o
 .debug_line    0x00000000000053e6      0xaca ./Drivers/STM32F4xx_HAL_Driver/Src/stm32f4xx_hal_gpio.o
 .debug_line    0x0000000000005eb0      0xcd2 ./Drivers/STM32F4xx_HAL_Driver/Src/stm32f4xx_hal_rcc.o
 .debug_line    0x0000000000006b82     0x29fb ./Drivers/STM32F4xx_HAL_Driver/Src/stm32f4xx_hal_uart.o
 .debug_line    0x000000000000957d     0x266e ../libSIM800xSTM32F4-API.a(SIM800x.o)
 .debug_line    0x000000000000bbeb     0x1010 ../libSIM800xSTM32F4-API.a(SIM800x_SDM.o)
 .debug_line    0x000000000000cbfb      0x929 ../libLightJSONParser.a(JSON.o)

.debug_str      0x0000000000000000    0xfec40
 .debug_str     0x0000000000000000    0xc2f3f ./Core/Src/main.o
                                      0xc324c (size before relaxing)
 .debug_str     0x00000000000c2f3f      0x594 ./Core/Src/stm32f4xx_hal_msp.o
                                      0xbd49b (size before relaxing)
 .debug_str     0x00000000000c34d3       0xef ./Core/Src/stm32f4xx_it.o
                                      0xbce61 (size before relaxing)
 .debug_str     0x00000000000c35c2      0x4da ./Core/Src/sysmem.o
                                       0x5db4 (size before relaxing)
 .debug_str     0x00000000000c3a9c       0xdb ./Core/Src/system_stm32f4xx.o
                                      0xbc80f (size before relaxing)
 .debug_str     0x00000000000c3b77       0x36 ./Core/Startup/startup_stm32f407vgtx.o
                                         0x76 (size before relaxing)
 .debug_str     0x00000000000c3bad      0x455 ./Drivers/SIM800x/Src/ApplicationExample.o
                                      0xc2ff0 (size before relaxing)
 .debug_str     0x00000000000c4002      0x5fa ./Drivers/STM32F4xx_HAL_Driver/Src/stm32f4xx_hal.o
                                      0xbd393 (size before relaxing)
 .debug_str     0x00000000000c45fc      0x321 ./Drivers/STM32F4xx_HAL_Driver/Src/stm32f4xx_hal_cortex.o
                                      0xbd0c6 (size before relaxing)
 .debug_str     0x00000000000c491d      0x328 ./Drivers/STM32F4xx_HAL_Driver/Src/stm32f4xx_hal_dma.o
                                      0xbcc29 (size before relaxing)
 .debug_str     0x00000000000c4c45      0x121 ./Drivers/STM32F4xx_HAL_Driver/Src/stm32f4xx_hal_gpio.o
                                      0xbc98a (size before relaxing)
 .debug_str     0x00000000000c4d66      0x233 ./Drivers/STM32F4xx_HAL_Driver/Src/stm32f4xx_hal_rcc.o
                                      0xbcc43 (size before relaxing)
 .debug_str     0x00000000000c4f99      0x5ba ./Drivers/STM32F4xx_HAL_Driver/Src/stm32f4xx_hal_uart.o
                                      0xbd1e2 (size before relaxing)
 .debug_str     0x00000000000c5553    0x394ca ../libSIM800xSTM32F4-API.a(SIM800x.o)
                                      0xfbef4 (size before relaxing)
 .debug_str     0x00000000000fea1d       0xe1 ../libSIM800xSTM32F4-API.a(SIM800x_SDM.o)
                                      0xf8810 (size before relaxing)
 .debug_str     0x00000000000feafe      0x142 ../libLightJSONParser.a(JSON.o)
                                       0x7e60 (size before relaxing)

.comment        0x0000000000000000       0x50
 .comment       0x0000000000000000       0x50 ./Core/Src/main.o
                                         0x51 (size before relaxing)
 .comment       0x0000000000000050       0x51 ./Core/Src/stm32f4xx_hal_msp.o
 .comment       0x0000000000000050       0x51 ./Core/Src/stm32f4xx_it.o
 .comment       0x0000000000000050       0x51 ./Core/Src/sysmem.o
 .comment       0x0000000000000050       0x51 ./Core/Src/system_stm32f4xx.o
 .comment       0x0000000000000050       0x51 ./Drivers/SIM800x/Src/ApplicationExample.o
 .comment       0x0000000000000050       0x51 ./Drivers/STM32F4xx_HAL_Driver/Src/stm32f4xx_hal.o
 .comment       0x0000000000000050       0x51 ./Drivers/STM32F4xx_HAL_Driver/Src/stm32f4xx_hal_cortex.o
 .comment       0x0000000000000050       0x51 ./Drivers/STM32F4xx_HAL_Driver/Src/stm32f4xx_hal_dma.o
 .comment       0x0000000000000050       0x51 ./Drivers/STM32F4xx_HAL_Driver/Src/stm32f4xx_hal_gpio.o
 .comment       0x0000000000000050       0x51 ./Drivers/STM32F4xx_HAL_Driver/Src/stm32f4xx_hal_rcc.o
 .comment       0x0000000000000050       0x51 ./Drivers/STM32F4xx_HAL_Driver/Src/stm32f4xx_hal_uart.o
 .comment       0x0000000000000050       0x51 ../libSIM800xSTM32F4-API.a(SIM800x.o)
 .comment       0x0000000000000050       0x51 ../libSIM800xSTM32F4-API.a(SIM800x_SDM.o)
 .comment       0x0000000000000050       0x51 ../libLightJSONParser.a(JSON.o)

.debug_frame    0x0000000000000000     0x2c6c
 .debug_frame   0x0000000000000000       0xe8 ./Core/Src/main.o
 .debug_frame   0x00000000000000e8       0x7c ./Core/Src/stm32f4xx_hal_msp.o
 .debug_frame   0x0000000000000164      0x120 ./Core/Src/stm32f4xx_it.o
 .debug_frame   0x0000000000000284       0x34 ./Core/Src/sysmem.o
 .debug_frame   0x00000000000002b8       0x58 ./Core/Src/system_stm32f4xx.o
 .debug_frame   0x0000000000000310       0x5c ./Drivers/SIM800x/Src/ApplicationExample.o
 .debug_frame   0x000000000000036c      0x374 ./Drivers/STM32F4xx_HAL_Driver/Src/stm32f4xx_hal.o
 .debug_frame   0x00000000000006e0      0x498 ./Drivers/STM32F4xx_HAL_Driver/Src/stm32f4xx_hal_cortex.o
 .debug_frame   0x0000000000000b78      0x250 ./Drivers/STM32F4xx_HAL_Driver/Src/stm32f4xx_hal_dma.o
 .debug_frame   0x0000000000000dc8      0x14c ./Drivers/STM32F4xx_HAL_Driver/Src/stm32f4xx_hal_gpio.o
 .debug_frame   0x0000000000000f14      0x1f4 ./Drivers/STM32F4xx_HAL_Driver/Src/stm32f4xx_hal_rcc.o
 .debug_frame   0x0000000000001108      0x92c ./Drivers/STM32F4xx_HAL_Driver/Src/stm32f4xx_hal_uart.o
 .debug_frame   0x0000000000001a34      0xa18 ../libSIM800xSTM32F4-API.a(SIM800x.o)
 .debug_frame   0x000000000000244c      0x264 ../libSIM800xSTM32F4-API.a(SIM800x_SDM.o)
 .debug_frame   0x00000000000026b0       0xfc ../libLightJSONParser.a(JSON.o)
 .debug_frame   0x00000000000027ac       0x2c /opt/st/stm32cubeide_1.11.0/plugins/com.st.stm32cube.ide.mcu.externaltools.gnu-tools-for-stm32.10.3-2021.10.linux64_1.0.100.202210260954/tools/bin/../lib/gcc/arm-none-eabi/10.3.1/thumb/v7e-m+fp/hard/libgcc.a(_aeabi_uldivmod.o)
 .debug_frame   0x00000000000027d8       0x34 /opt/st/stm32cubeide_1.11.0/plugins/com.st.stm32cube.ide.mcu.externaltools.gnu-tools-for-stm32.10.3-2021.10.linux64_1.0.100.202210260954/tools/bin/../lib/gcc/arm-none-eabi/10.3.1/thumb/v7e-m+fp/hard/libgcc.a(_udivmoddi4.o)
 .debug_frame   0x000000000000280c       0x20 /opt/st/stm32cubeide_1.11.0/plugins/com.st.stm32cube.ide.mcu.externaltools.gnu-tools-for-stm32.10.3-2021.10.linux64_1.0.100.202210260954/tools/bin/../lib/gcc/arm-none-eabi/10.3.1/../../../../arm-none-eabi/lib/thumb/v7e-m+fp/hard/libc_nano.a(lib_a-errno.o)
 .debug_frame   0x000000000000282c       0x2c /opt/st/stm32cubeide_1.11.0/plugins/com.st.stm32cube.ide.mcu.externaltools.gnu-tools-for-stm32.10.3-2021.10.linux64_1.0.100.202210260954/tools/bin/../lib/gcc/arm-none-eabi/10.3.1/../../../../arm-none-eabi/lib/thumb/v7e-m+fp/hard/libc_nano.a(lib_a-init.o)
 .debug_frame   0x0000000000002858       0x20 /opt/st/stm32cubeide_1.11.0/plugins/com.st.stm32cube.ide.mcu.externaltools.gnu-tools-for-stm32.10.3-2021.10.linux64_1.0.100.202210260954/tools/bin/../lib/gcc/arm-none-eabi/10.3.1/../../../../arm-none-eabi/lib/thumb/v7e-m+fp/hard/libc_nano.a(lib_a-memset.o)
 .debug_frame   0x0000000000002878       0x6c /opt/st/stm32cubeide_1.11.0/plugins/com.st.stm32cube.ide.mcu.externaltools.gnu-tools-for-stm32.10.3-2021.10.linux64_1.0.100.202210260954/tools/bin/../lib/gcc/arm-none-eabi/10.3.1/../../../../arm-none-eabi/lib/thumb/v7e-m+fp/hard/libc_nano.a(lib_a-sprintf.o)
 .debug_frame   0x00000000000028e4       0x90 /opt/st/stm32cubeide_1.11.0/plugins/com.st.stm32cube.ide.mcu.externaltools.gnu-tools-for-stm32.10.3-2021.10.linux64_1.0.100.202210260954/tools/bin/../lib/gcc/arm-none-eabi/10.3.1/../../../../arm-none-eabi/lib/thumb/v7e-m+fp/hard/libc_nano.a(lib_a-nano-svfprintf.o)
 .debug_frame   0x0000000000002974       0x60 /opt/st/stm32cubeide_1.11.0/plugins/com.st.stm32cube.ide.mcu.externaltools.gnu-tools-for-stm32.10.3-2021.10.linux64_1.0.100.202210260954/tools/bin/../lib/gcc/arm-none-eabi/10.3.1/../../../../arm-none-eabi/lib/thumb/v7e-m+fp/hard/libc_nano.a(lib_a-nano-vfprintf_i.o)
 .debug_frame   0x00000000000029d4       0x28 /opt/st/stm32cubeide_1.11.0/plugins/com.st.stm32cube.ide.mcu.externaltools.gnu-tools-for-stm32.10.3-2021.10.linux64_1.0.100.202210260954/tools/bin/../lib/gcc/arm-none-eabi/10.3.1/../../../../arm-none-eabi/lib/thumb/v7e-m+fp/hard/libc_nano.a(lib_a-memcpy-stub.o)
 .debug_frame   0x00000000000029fc       0x28 /opt/st/stm32cubeide_1.11.0/plugins/com.st.stm32cube.ide.mcu.externaltools.gnu-tools-for-stm32.10.3-2021.10.linux64_1.0.100.202210260954/tools/bin/../lib/gcc/arm-none-eabi/10.3.1/../../../../arm-none-eabi/lib/thumb/v7e-m+fp/hard/libc_nano.a(lib_a-memmove.o)
 .debug_frame   0x0000000000002a24       0x38 /opt/st/stm32cubeide_1.11.0/plugins/com.st.stm32cube.ide.mcu.externaltools.gnu-tools-for-stm32.10.3-2021.10.linux64_1.0.100.202210260954/tools/bin/../lib/gcc/arm-none-eabi/10.3.1/../../../../arm-none-eabi/lib/thumb/v7e-m+fp/hard/libc_nano.a(lib_a-nano-freer.o)
 .debug_frame   0x0000000000002a5c       0x4c /opt/st/stm32cubeide_1.11.0/plugins/com.st.stm32cube.ide.mcu.externaltools.gnu-tools-for-stm32.10.3-2021.10.linux64_1.0.100.202210260954/tools/bin/../lib/gcc/arm-none-eabi/10.3.1/../../../../arm-none-eabi/lib/thumb/v7e-m+fp/hard/libc_nano.a(lib_a-nano-mallocr.o)
 .debug_frame   0x0000000000002aa8       0x3c /opt/st/stm32cubeide_1.11.0/plugins/com.st.stm32cube.ide.mcu.externaltools.gnu-tools-for-stm32.10.3-2021.10.linux64_1.0.100.202210260954/tools/bin/../lib/gcc/arm-none-eabi/10.3.1/../../../../arm-none-eabi/lib/thumb/v7e-m+fp/hard/libc_nano.a(lib_a-nano-reallocr.o)
 .debug_frame   0x0000000000002ae4       0x2c /opt/st/stm32cubeide_1.11.0/plugins/com.st.stm32cube.ide.mcu.externaltools.gnu-tools-for-stm32.10.3-2021.10.linux64_1.0.100.202210260954/tools/bin/../lib/gcc/arm-none-eabi/10.3.1/../../../../arm-none-eabi/lib/thumb/v7e-m+fp/hard/libc_nano.a(lib_a-sbrkr.o)
 .debug_frame   0x0000000000002b10       0x30 /opt/st/stm32cubeide_1.11.0/plugins/com.st.stm32cube.ide.mcu.externaltools.gnu-tools-for-stm32.10.3-2021.10.linux64_1.0.100.202210260954/tools/bin/../lib/gcc/arm-none-eabi/10.3.1/../../../../arm-none-eabi/lib/thumb/v7e-m+fp/hard/libc_nano.a(lib_a-mlock.o)
 .debug_frame   0x0000000000002b40       0x20 /opt/st/stm32cubeide_1.11.0/plugins/com.st.stm32cube.ide.mcu.externaltools.gnu-tools-for-stm32.10.3-2021.10.linux64_1.0.100.202210260954/tools/bin/../lib/gcc/arm-none-eabi/10.3.1/../../../../arm-none-eabi/lib/thumb/v7e-m+fp/hard/libc_nano.a(lib_a-nano-msizer.o)
 .debug_frame   0x0000000000002b60       0x5c /opt/st/stm32cubeide_1.11.0/plugins/com.st.stm32cube.ide.mcu.externaltools.gnu-tools-for-stm32.10.3-2021.10.linux64_1.0.100.202210260954/tools/bin/../lib/gcc/arm-none-eabi/10.3.1/../../../../arm-none-eabi/lib/thumb/v7e-m+fp/hard/libc_nano.a(lib_a-reent.o)
 .debug_frame   0x0000000000002bbc       0xb0 /opt/st/stm32cubeide_1.11.0/plugins/com.st.stm32cube.ide.mcu.externaltools.gnu-tools-for-stm32.10.3-2021.10.linux64_1.0.100.202210260954/tools/bin/../lib/gcc/arm-none-eabi/10.3.1/../../../../arm-none-eabi/lib/thumb/v7e-m+fp/hard/libc_nano.a(lib_a-lock.o)
